Archive member included because of file (symbol)

.\CortexM0p\ARM_GCC_493\Debug\AYBR3000.a(cyfitter_cfg.o)
                              .\CortexM0p\ARM_GCC_493\Debug\Cm0plusStart.o (cyfitter_cfg)
.\CortexM0p\ARM_GCC_493\Debug\AYBR3000.a(key_touch_Control.o)
                              .\CortexM0p\ARM_GCC_493\Debug\main.o (key_touch_Start)
.\CortexM0p\ARM_GCC_493\Debug\AYBR3000.a(key_touch_Processing.o)
                              .\CortexM0p\ARM_GCC_493\Debug\AYBR3000.a(key_touch_Control.o) (key_touch_DpInitialize)
.\CortexM0p\ARM_GCC_493\Debug\AYBR3000.a(key_touch_Structure.o)
                              .\CortexM0p\ARM_GCC_493\Debug\AYBR3000.a(key_touch_Control.o) (key_touch_DsInitialize)
.\CortexM0p\ARM_GCC_493\Debug\AYBR3000.a(key_touch_Tuner.o)
                              .\CortexM0p\ARM_GCC_493\Debug\AYBR3000.a(key_touch_Control.o) (key_touch_TuInitialize)
.\CortexM0p\ARM_GCC_493\Debug\AYBR3000.a(key_touch_Filter.o)
                              .\CortexM0p\ARM_GCC_493\Debug\AYBR3000.a(key_touch_Control.o) (key_touch_FtInitialize)
.\CortexM0p\ARM_GCC_493\Debug\AYBR3000.a(key_touch_Sensing.o)
                              .\CortexM0p\ARM_GCC_493\Debug\main.o (key_touch_IsBusy)
.\CortexM0p\ARM_GCC_493\Debug\AYBR3000.a(key_touch_SensingCSD_LL.o)
                              .\CortexM0p\ARM_GCC_493\Debug\AYBR3000.a(key_touch_Sensing.o) (key_touch_SsCSDInitialize)
.\CortexM0p\ARM_GCC_493\Debug\AYBR3000.a(Timer_1.o)
                              .\CortexM0p\ARM_GCC_493\Debug\main.o (Timer_1_Start)
.\CortexM0p\ARM_GCC_493\Debug\AYBR3000.a(SDIO.o)
                              .\CortexM0p\ARM_GCC_493\Debug\A7105_driver.o (SDIO_Write)
.\CortexM0p\ARM_GCC_493\Debug\AYBR3000.a(SCK.o)
                              .\CortexM0p\ARM_GCC_493\Debug\A7105_driver.o (SCK_Write)
.\CortexM0p\ARM_GCC_493\Debug\AYBR3000.a(SCS.o)
                              .\CortexM0p\ARM_GCC_493\Debug\A7105_driver.o (SCS_Write)
.\CortexM0p\ARM_GCC_493\Debug\AYBR3000.a(key_touch_ISR.o)
                              .\CortexM0p\ARM_GCC_493\Debug\AYBR3000.a(key_touch_Sensing.o) (key_touch_ISR_StartEx)
.\CortexM0p\ARM_GCC_493\Debug\AYBR3000.a(CyLib.o)
                              .\CortexM0p\ARM_GCC_493\Debug\AYBR3000.a(key_touch_SensingCSD_LL.o) (CyIntEnable)
.\CortexM0p\ARM_GCC_493\Debug\AYBR3000.a(cyPm.o)
                              .\CortexM0p\ARM_GCC_493\Debug\AYBR3000.a(key_touch_Control.o) (CySysPmSleep)
.\CortexM0p\ARM_GCC_493\Debug\AYBR3000.a(CyLFClk.o)
                              .\CortexM0p\ARM_GCC_493\Debug\AYBR3000.a(CyLib.o) (CySysClkWcoEnabled)
.\CortexM0p\ARM_GCC_493\Debug\AYBR3000.a(time_1ms_ISR.o)
                              .\CortexM0p\ARM_GCC_493\Debug\main.o (time_1ms_ISR_StartEx)
.\CortexM0p\ARM_GCC_493\Debug\AYBR3000.a(EZI2C.o)
                              .\CortexM0p\ARM_GCC_493\Debug\main.o (EZI2C_Start)
.\CortexM0p\ARM_GCC_493\Debug\AYBR3000.a(EZI2C_EZI2C.o)
                              .\CortexM0p\ARM_GCC_493\Debug\AYBR3000.a(EZI2C.o) (EZI2C_EzI2CInit)
.\CortexM0p\ARM_GCC_493\Debug\AYBR3000.a(EZI2C_EZI2C_INT.o)
                              .\CortexM0p\ARM_GCC_493\Debug\AYBR3000.a(EZI2C_EZI2C.o) (EZI2C_EZI2C_STRETCH_ISR)
.\CortexM0p\ARM_GCC_493\Debug\AYBR3000.a(CyBootAsmGnu.o)
                              .\CortexM0p\ARM_GCC_493\Debug\AYBR3000.a(key_touch_SensingCSD_LL.o) (CyDelayCycles)
.\CortexM0p\ARM_GCC_493\Debug\AYBR3000.a(key_touch_INT.o)
                              .\CortexM0p\ARM_GCC_493\Debug\AYBR3000.a(key_touch_SensingCSD_LL.o) (key_touch_CSDPostSingleScan)
.\CortexM0p\ARM_GCC_493\Debug\AYBR3000.a(CyFlash.o)
                              .\CortexM0p\ARM_GCC_493\Debug\AYBR3000.a(CyLib.o) (CySysFlashSetWaitCycles)
d:/program files (x86)/cypress/psoc creator/4.0/psoc creator/import/gnu/arm/4.9.3/bin/../lib/gcc/arm-none-eabi/4.9.3/armv6-m\libgcc.a(_udivsi3.o)
                              .\CortexM0p\ARM_GCC_493\Debug\AYBR3000.a(key_touch_Sensing.o) (__aeabi_uidiv)
d:/program files (x86)/cypress/psoc creator/4.0/psoc creator/import/gnu/arm/4.9.3/bin/../lib/gcc/arm-none-eabi/4.9.3/armv6-m\libgcc.a(_dvmd_tls.o)
                              d:/program files (x86)/cypress/psoc creator/4.0/psoc creator/import/gnu/arm/4.9.3/bin/../lib/gcc/arm-none-eabi/4.9.3/armv6-m\libgcc.a(_udivsi3.o) (__aeabi_idiv0)
d:/program files (x86)/cypress/psoc creator/4.0/psoc creator/import/gnu/arm/4.9.3/bin/../lib/gcc/arm-none-eabi/4.9.3/../../../../arm-none-eabi/lib/armv6-m\libg_nano.a(lib_a-errno.o)
                              .\CortexM0p\ARM_GCC_493\Debug\Cm0plusStart.o (__errno)
d:/program files (x86)/cypress/psoc creator/4.0/psoc creator/import/gnu/arm/4.9.3/bin/../lib/gcc/arm-none-eabi/4.9.3/../../../../arm-none-eabi/lib/armv6-m\libg_nano.a(lib_a-exit.o)
                              d:/program files (x86)/cypress/psoc creator/4.0/psoc creator/import/gnu/arm/4.9.3/bin/../lib/gcc/arm-none-eabi/4.9.3/../../../../arm-none-eabi/lib/armv6-m/crt0.o (exit)
[...]
Memory Configuration

Name             Origin             Length             Attributes
rom              0x00000000         0x00004000         xr
ram              0x20000000         0x00000800         xrw
*default*        0x00000000         0xffffffff

Linker script and memory map

LOAD d:/program files (x86)/cypress/psoc creator/4.0/psoc creator/import/gnu/arm/4.9.3/bin/../lib/gcc/arm-none-eabi/4.9.3/armv6-m/crti.o
LOAD d:/program files (x86)/cypress/psoc creator/4.0/psoc creator/import/gnu/arm/4.9.3/bin/../lib/gcc/arm-none-eabi/4.9.3/armv6-m/crtbegin.o
LOAD d:/program files (x86)/cypress/psoc creator/4.0/psoc creator/import/gnu/arm/4.9.3/bin/../lib/gcc/arm-none-eabi/4.9.3/../../../../arm-none-eabi/lib/armv6-m/crt0.o
START GROUP
LOAD .\CortexM0p\ARM_GCC_493\Debug\main.o
LOAD .\CortexM0p\ARM_GCC_493\Debug\A7105_driver.o
LOAD .\CortexM0p\ARM_GCC_493\Debug\A7105_firmware_lib.o
LOAD .\CortexM0p\ARM_GCC_493\Debug\simple_protocol.o
LOAD .\CortexM0p\ARM_GCC_493\Debug\timing.o
LOAD .\CortexM0p\ARM_GCC_493\Debug\key.o
LOAD .\CortexM0p\ARM_GCC_493\Debug\cymetadata.o
LOAD .\CortexM0p\ARM_GCC_493\Debug\Cm0plusStart.o
LOAD .\CortexM0p\ARM_GCC_493\Debug\AYBR3000.a
LOAD D:\Program Files (x86)\Cypress\PSoC Creator\4.0\PSoC Creator\psoc\content\cycomponentlibrary\CyComponentLibrary.cylib\CapSense_P4_v3_10\PSoC4\Library\Capsense_P4Library_GCCp.a
END GROUP
START GROUP
LOAD d:/program files (x86)/cypress/psoc creator/4.0/psoc creator/import/gnu/arm/4.9.3/bin/../lib/gcc/arm-none-eabi/4.9.3/armv6-m\libgcc.a
LOAD d:/program files (x86)/cypress/psoc creator/4.0/psoc creator/import/gnu/arm/4.9.3/bin/../lib/gcc/arm-none-eabi/4.9.3/../../../../arm-none-eabi/lib/armv6-m\libg_nano.a
LOAD d:/program files (x86)/cypress/psoc creator/4.0/psoc creator/import/gnu/arm/4.9.3/bin/../lib/gcc/arm-none-eabi/4.9.3/../../../../arm-none-eabi/lib/armv6-m\libc_nano.a
END GROUP
START GROUP
LOAD d:/program files (x86)/cypress/psoc creator/4.0/psoc creator/import/gnu/arm/4.9.3/bin/../lib/gcc/arm-none-eabi/4.9.3/armv6-m\libgcc.a
LOAD d:/program files (x86)/cypress/psoc creator/4.0/psoc creator/import/gnu/arm/4.9.3/bin/../lib/gcc/arm-none-eabi/4.9.3/../../../../arm-none-eabi/lib/armv6-m\libc_nano.a
END GROUP
LOAD d:/program files (x86)/cypress/psoc creator/4.0/psoc creator/import/gnu/arm/4.9.3/bin/../lib/gcc/arm-none-eabi/4.9.3/armv6-m/crtend.o
LOAD d:/program files (x86)/cypress/psoc creator/4.0/psoc creator/import/gnu/arm/4.9.3/bin/../lib/gcc/arm-none-eabi/4.9.3/armv6-m/crtn.o
START GROUP
LOAD d:/program files (x86)/cypress/psoc creator/4.0/psoc creator/import/gnu/arm/4.9.3/bin/../lib/gcc/arm-none-eabi/4.9.3/armv6-m\libgcc.a
LOAD d:/program files (x86)/cypress/psoc creator/4.0/psoc creator/import/gnu/arm/4.9.3/bin/../lib/gcc/arm-none-eabi/4.9.3/../../../../arm-none-eabi/lib/armv6-m\libc.a
LOAD d:/program files (x86)/cypress/psoc creator/4.0/psoc creator/import/gnu/arm/4.9.3/bin/../lib/gcc/arm-none-eabi/4.9.3/../../../../arm-none-eabi/lib/armv6-m\libnosys.a
END GROUP
                0x00000000                CY_APPL_ORIGIN = 0x0
                0x00000080                CY_FLASH_ROW_SIZE = 0x80
                0x00000001                CY_APPL_NUM = 0x1
                0x00000001                CY_APPL_MAX = 0x1
                0x00000040                CY_METADATA_SIZE = 0x40
                0x00000000                CY_APPL_LOADABLE = 0x0
                0x00000000                CY_CHECKSUM_EXCLUDE_SIZE = ALIGN (0x0, CY_FLASH_ROW_SIZE)
                0x00000000                CY_APP_FOR_STACK_AND_COPIER = 0x0
                0x20000378                PROVIDE (__cy_heap_start, _end)
                0x00000001                PROVIDE (__cy_region_num, ((__cy_regions_end - __cy_regions) / 0x10))
                0x20000800                PROVIDE (__cy_stack, (ORIGIN (ram) + 0x800))
                0x20000600                PROVIDE (__cy_heap_end, (__cy_stack - 0x200))

.cybootloader   0x00000000        0x0
 *(.cybootloader)
                0x00000000                appl1_start = CY_APPL_ORIGIN?CY_APPL_ORIGIN:ALIGN (CY_FLASH_ROW_SIZE)
                0x00001f80                appl2_start = (appl1_start + ALIGN ((((0x4000 - appl1_start) - (0x2 * CY_FLASH_ROW_SIZE)) / 0x2), CY_FLASH_ROW_SIZE))
                0x00000000                appl_start = (CY_APPL_NUM == 0x1)?appl1_start:appl2_start
                0x00000001                cy_project_type_bootloader = (appl_start == 0x0)?0x1:0x0
                0x00000000                cy_project_type_app_for_stack_and_copier = (CY_APP_FOR_STACK_AND_COPIER == 0x1)?0x1:0x0

.text           0x00000000     0x2c6e
 CREATE_OBJECT_SYMBOLS
                0x00000000                PROVIDE (__cy_interrupt_vector, RomVectors)
 *(.romvectors)
 .romvectors    0x00000000       0x10 .\CortexM0p\ARM_GCC_493\Debug\Cm0plusStart.o
                0x00000000                RomVectors
                0x00000001                ASSERT ((. != __cy_interrupt_vector), No interrupt vector)
                0x00000001                ASSERT (CY_APPL_ORIGIN?(SIZEOF (.cybootloader) <= CY_APPL_ORIGIN):0x1, Wrong image location)
                0x00000010                PROVIDE (__cy_reset, Reset)
 *(.text.Reset)
 .text.Reset    0x00000010        0xc .\CortexM0p\ARM_GCC_493\Debug\Cm0plusStart.o
                0x00000010                Reset
                0x00000001                ASSERT ((. != __cy_reset), No reset code)
 *(.psocinit)
 .psocinit      0x0000001c      0x120 .\CortexM0p\ARM_GCC_493\Debug\AYBR3000.a(cyfitter_cfg.o)
                0x0000009c                cyfitter_cfg
                0x0000013c                . = MAX (., 0x100)
 *(.text .text.* .gnu.linkonce.t.*)
 .text          0x0000013c       0x60 d:/program files (x86)/cypress/psoc creator/4.0/psoc creator/import/gnu/arm/4.9.3/bin/../lib/gcc/arm-none-eabi/4.9.3/armv6-m/crtbegin.o
 .text.make_data
                0x0000019c       0x6c .\CortexM0p\ARM_GCC_493\Debug\main.o
 .text.ID_check_ok
                0x00000208       0x20 .\CortexM0p\ARM_GCC_493\Debug\main.o
 .text.beij_timer
                0x00000228       0x78 .\CortexM0p\ARM_GCC_493\Debug\main.o
 .text.key_deal
                0x000002a0      0x538 .\CortexM0p\ARM_GCC_493\Debug\main.o
 .text.match_code_mode
                0x000007d8       0xa8 .\CortexM0p\ARM_GCC_493\Debug\main.o
 .text.time_1ms_Interrupt
                0x00000880       0x1c .\CortexM0p\ARM_GCC_493\Debug\main.o
                0x00000880                time_1ms_Interrupt
 .text.main     0x0000089c       0xe4 .\CortexM0p\ARM_GCC_493\Debug\main.o
                0x0000089c                main
 .text.buffer_length_ok
                0x00000980        0xc .\CortexM0p\ARM_GCC_493\Debug\A7105_driver.o
 .text.CRC_check_ok
                0x0000098c       0x14 .\CortexM0p\ARM_GCC_493\Debug\A7105_driver.o
 .text.send_data_by_A7105
                0x000009a0       0x30 .\CortexM0p\ARM_GCC_493\Debug\A7105_driver.o
                0x000009a0                send_data_by_A7105
 .text.receive_data_by_A7105
                0x000009d0       0x50 .\CortexM0p\ARM_GCC_493\Debug\A7105_driver.o
                0x000009d0                receive_data_by_A7105
 .text.ByteSend
                0x00000a20       0x3c .\CortexM0p\ARM_GCC_493\Debug\A7105_firmware_lib.o
 .text.ByteRead
                0x00000a5c       0x48 .\CortexM0p\ARM_GCC_493\Debug\A7105_firmware_lib.o
 .text.A7105_WriteReg
                0x00000aa4       0x24 .\CortexM0p\ARM_GCC_493\Debug\A7105_firmware_lib.o
                0x00000aa4                A7105_WriteReg
 .text.A7105_ReadReg
                0x00000ac8       0x24 .\CortexM0p\ARM_GCC_493\Debug\A7105_firmware_lib.o
                0x00000ac8                A7105_ReadReg
 .text.StrobeCmd
                0x00000aec       0x18 .\CortexM0p\ARM_GCC_493\Debug\A7105_firmware_lib.o
                0x00000aec                StrobeCmd
 .text.WriteFIFO
                0x00000b04       0x38 .\CortexM0p\ARM_GCC_493\Debug\A7105_firmware_lib.o
                0x00000b04                WriteFIFO
 .text.ReadFIFO
                0x00000b3c       0x30 .\CortexM0p\ARM_GCC_493\Debug\A7105_firmware_lib.o
                0x00000b3c                ReadFIFO
 .text.A7105_read_wtr
                0x00000b6c        0xc .\CortexM0p\ARM_GCC_493\Debug\A7105_firmware_lib.o
                0x00000b6c                A7105_read_wtr
 .text.A7105_update_wtr
                0x00000b78        0xc .\CortexM0p\ARM_GCC_493\Debug\A7105_firmware_lib.o
                0x00000b78                A7105_update_wtr
 .text.timing_get_count
                0x00000b84        0xc .\CortexM0p\ARM_GCC_493\Debug\timing.o
 .text.timing_count
                0x00000b90       0x10 .\CortexM0p\ARM_GCC_493\Debug\timing.o
                0x00000b90                timing_count
 .text.timing_set_counts
                0x00000ba0       0x14 .\CortexM0p\ARM_GCC_493\Debug\timing.o
                0x00000ba0                timing_set_counts
 .text.timing_count_end
                0x00000bb4       0x20 .\CortexM0p\ARM_GCC_493\Debug\timing.o
                0x00000bb4                timing_count_end
 .text.key_init
                0x00000bd4       0x28 .\CortexM0p\ARM_GCC_493\Debug\key.o
                0x00000bd4                key_init
 .text.key_scan
                0x00000bfc      0x210 .\CortexM0p\ARM_GCC_493\Debug\key.o
                0x00000bfc                key_scan
 .text.key_is_short_pressed
                0x00000e0c       0x20 .\CortexM0p\ARM_GCC_493\Debug\key.o
                0x00000e0c                key_is_short_pressed
 .text.key_is_long_pressed
                0x00000e2c       0x20 .\CortexM0p\ARM_GCC_493\Debug\key.o
                0x00000e2c                key_is_long_pressed
 .text.IntDefaultHandler
                0x00000e4c       0x10 .\CortexM0p\ARM_GCC_493\Debug\Cm0plusStart.o
                0x00000e4c                IntDefaultHandler
 .text.Start_c  0x00000e5c       0x48 .\CortexM0p\ARM_GCC_493\Debug\Cm0plusStart.o
                0x00000e5c                Start_c
 .text.initialize_psoc
                0x00000ea4       0x48 .\CortexM0p\ARM_GCC_493\Debug\Cm0plusStart.o
                0x00000ea4                initialize_psoc
 .text.SetAnalogRoutingPumps
                0x00000eec       0x38 .\CortexM0p\ARM_GCC_493\Debug\AYBR3000.a(cyfitter_cfg.o)
                0x00000eec                SetAnalogRoutingPumps
 .text.AnalogSetDefault
                0x00000f24       0x14 .\CortexM0p\ARM_GCC_493\Debug\AYBR3000.a(cyfitter_cfg.o)
 .text.key_touch_Initialize
                0x00000f38       0x28 .\CortexM0p\ARM_GCC_493\Debug\AYBR3000.a(key_touch_Control.o)
                0x00000f38                key_touch_Initialize
 .text.key_touch_Start
                0x00000f60       0x50 .\CortexM0p\ARM_GCC_493\Debug\AYBR3000.a(key_touch_Control.o)
                0x00000f60                key_touch_Start
 .text.key_touch_ProcessAllWidgets
                0x00000fb0       0x48 .\CortexM0p\ARM_GCC_493\Debug\AYBR3000.a(key_touch_Control.o)
                0x00000fb0                key_touch_ProcessAllWidgets
 .text.key_touch_DpInitialize
                0x00000ff8       0x5c .\CortexM0p\ARM_GCC_493\Debug\AYBR3000.a(key_touch_Processing.o)
                0x00000ff8                key_touch_DpInitialize
 .text.key_touch_DpUpdateDifferences
                0x00001054       0x14 .\CortexM0p\ARM_GCC_493\Debug\AYBR3000.a(key_touch_Processing.o)
                0x00001054                key_touch_DpUpdateDifferences
 .text.key_touch_DpProcessCsdWidgetRawCounts
                0x00001068       0x3c .\CortexM0p\ARM_GCC_493\Debug\AYBR3000.a(key_touch_Processing.o)
                0x00001068                key_touch_DpProcessCsdWidgetRawCounts
 .text.key_touch_DpProcessButton
                0x000010a4       0x64 .\CortexM0p\ARM_GCC_493\Debug\AYBR3000.a(key_touch_Processing.o)
                0x000010a4                key_touch_DpProcessButton
 .text.key_touch_DpProcessCsdWidgetStatus
                0x00001108       0x58 .\CortexM0p\ARM_GCC_493\Debug\AYBR3000.a(key_touch_Processing.o)
                0x00001108                key_touch_DpProcessCsdWidgetStatus
 .text.key_touch_DsInitialize
                0x00001160       0x78 .\CortexM0p\ARM_GCC_493\Debug\AYBR3000.a(key_touch_Structure.o)
                0x00001160                key_touch_DsInitialize
 .text.key_touch_IsWidgetActive
                0x000011d8       0x24 .\CortexM0p\ARM_GCC_493\Debug\AYBR3000.a(key_touch_Structure.o)
                0x000011d8                key_touch_IsWidgetActive
 .text.key_touch_TuInitialize
                0x000011fc       0x14 .\CortexM0p\ARM_GCC_493\Debug\AYBR3000.a(key_touch_Tuner.o)
                0x000011fc                key_touch_TuInitialize
 .text.key_touch_RunTuner
                0x00001210       0xf0 .\CortexM0p\ARM_GCC_493\Debug\AYBR3000.a(key_touch_Tuner.o)
                0x00001210                key_touch_RunTuner
 .text.key_touch_FtInitialize
                0x00001300       0x28 .\CortexM0p\ARM_GCC_493\Debug\AYBR3000.a(key_touch_Filter.o)
                0x00001300                key_touch_FtInitialize
 .text.key_touch_FtInitializeBaselineChannel
                0x00001328       0x1c .\CortexM0p\ARM_GCC_493\Debug\AYBR3000.a(key_touch_Filter.o)
                0x00001328                key_touch_FtInitializeBaselineChannel
 .text.key_touch_InitializeSensorBaseline
                0x00001344       0x3c .\CortexM0p\ARM_GCC_493\Debug\AYBR3000.a(key_touch_Filter.o)
                0x00001344                key_touch_InitializeSensorBaseline
 .text.key_touch_InitializeWidgetBaseline
                0x00001380       0x28 .\CortexM0p\ARM_GCC_493\Debug\AYBR3000.a(key_touch_Filter.o)
                0x00001380                key_touch_InitializeWidgetBaseline
 .text.key_touch_InitializeAllBaselines
                0x000013a8       0x18 .\CortexM0p\ARM_GCC_493\Debug\AYBR3000.a(key_touch_Filter.o)
                0x000013a8                key_touch_InitializeAllBaselines
 .text.key_touch_FtIIR1stOrder
                0x000013c0       0x14 .\CortexM0p\ARM_GCC_493\Debug\AYBR3000.a(key_touch_Filter.o)
                0x000013c0                key_touch_FtIIR1stOrder
 .text.key_touch_FtUpdateBaseline
                0x000013d4       0x94 .\CortexM0p\ARM_GCC_493\Debug\AYBR3000.a(key_touch_Filter.o)
                0x000013d4                key_touch_FtUpdateBaseline
 .text.key_touch_IsBusy
                0x00001468       0x10 .\CortexM0p\ARM_GCC_493\Debug\AYBR3000.a(key_touch_Sensing.o)
                0x00001468                key_touch_IsBusy
 .text.key_touch_SetupWidget
                0x00001478       0x44 .\CortexM0p\ARM_GCC_493\Debug\AYBR3000.a(key_touch_Sensing.o)
                0x00001478                key_touch_SetupWidget
 .text.key_touch_Scan
                0x000014bc       0x1c .\CortexM0p\ARM_GCC_493\Debug\AYBR3000.a(key_touch_Sensing.o)
                0x000014bc                key_touch_Scan
 .text.key_touch_ScanAllWidgets
                0x000014d8       0x48 .\CortexM0p\ARM_GCC_493\Debug\AYBR3000.a(key_touch_Sensing.o)
                0x000014d8                key_touch_ScanAllWidgets
 .text.key_touch_SsPostAllWidgetsScan
                0x00001520       0x68 .\CortexM0p\ARM_GCC_493\Debug\AYBR3000.a(key_touch_Sensing.o)
                0x00001520                key_touch_SsPostAllWidgetsScan
 .text.key_touch_SsSetModClkClockDivider
                0x00001588       0x30 .\CortexM0p\ARM_GCC_493\Debug\AYBR3000.a(key_touch_Sensing.o)
                0x00001588                key_touch_SsSetModClkClockDivider
 .text.key_touch_CalibrateWidget
                0x000015b8       0x1c .\CortexM0p\ARM_GCC_493\Debug\AYBR3000.a(key_touch_Sensing.o)
                0x000015b8                key_touch_CalibrateWidget
 .text.key_touch_CalibrateAllWidgets
                0x000015d4       0x1c .\CortexM0p\ARM_GCC_493\Debug\AYBR3000.a(key_touch_Sensing.o)
                0x000015d4                key_touch_CalibrateAllWidgets
 .text.key_touch_SsClearCSDSensors
                0x000015f0       0x40 .\CortexM0p\ARM_GCC_493\Debug\AYBR3000.a(key_touch_Sensing.o)
                0x000015f0                key_touch_SsClearCSDSensors
 .text.key_touch_SsCSDGetColSnsClkDivider
                0x00001630        0xc .\CortexM0p\ARM_GCC_493\Debug\AYBR3000.a(key_touch_Sensing.o)
                0x00001630                key_touch_SsCSDGetColSnsClkDivider
 .text.key_touch_SsCSDCalcPrsSize
                0x0000163c       0x28 .\CortexM0p\ARM_GCC_493\Debug\AYBR3000.a(key_touch_Sensing.o)
                0x0000163c                key_touch_SsCSDCalcPrsSize
 .text.key_touch_SsSetWidgetSenseClkSrc
                0x00001664       0xd8 .\CortexM0p\ARM_GCC_493\Debug\AYBR3000.a(key_touch_Sensing.o)
 .text.key_touch_SsInitializeSourceSenseClk
                0x0000173c       0x24 .\CortexM0p\ARM_GCC_493\Debug\AYBR3000.a(key_touch_Sensing.o)
                0x0000173c                key_touch_SsInitializeSourceSenseClk
 .text.key_touch_SsInitialize
                0x00001760       0x10 .\CortexM0p\ARM_GCC_493\Debug\AYBR3000.a(key_touch_Sensing.o)
                0x00001760                key_touch_SsInitialize
 .text.key_touch_SsCSDSetFilterDelay
                0x00001770       0x14 .\CortexM0p\ARM_GCC_493\Debug\AYBR3000.a(key_touch_SensingCSD_LL.o)
 .text.key_touch_SsCSDConfigIDACs
                0x00001784       0x1c .\CortexM0p\ARM_GCC_493\Debug\AYBR3000.a(key_touch_SensingCSD_LL.o)
 .text.key_touch_SsCSDRestoreIdacMode
                0x000017a0       0x30 .\CortexM0p\ARM_GCC_493\Debug\AYBR3000.a(key_touch_SensingCSD_LL.o)
 .text.key_touch_SsCSDCalibrateCheck
                0x000017d0       0x44 .\CortexM0p\ARM_GCC_493\Debug\AYBR3000.a(key_touch_SensingCSD_LL.o)
 .text.key_touch_SsCSDSetModeSnsClockDivider
                0x00001814       0x10 .\CortexM0p\ARM_GCC_493\Debug\AYBR3000.a(key_touch_SensingCSD_LL.o)
                0x00001814                key_touch_SsCSDSetModeSnsClockDivider
 .text.key_touch_SsCSDInitialize
                0x00001824      0x120 .\CortexM0p\ARM_GCC_493\Debug\AYBR3000.a(key_touch_SensingCSD_LL.o)
                0x00001824                key_touch_SsCSDInitialize
 .text.key_touch_SsCSDSetUpIdacs
                0x00001944       0x44 .\CortexM0p\ARM_GCC_493\Debug\AYBR3000.a(key_touch_SensingCSD_LL.o)
                0x00001944                key_touch_SsCSDSetUpIdacs
 .text.key_touch_SsCSDGetNumberOfConversions
                0x00001988       0x34 .\CortexM0p\ARM_GCC_493\Debug\AYBR3000.a(key_touch_SensingCSD_LL.o)
                0x00001988                key_touch_SsCSDGetNumberOfConversions
 .text.key_touch_SsCSDConfigClock
                0x000019bc       0x40 .\CortexM0p\ARM_GCC_493\Debug\AYBR3000.a(key_touch_SensingCSD_LL.o)
                0x000019bc                key_touch_SsCSDConfigClock
 .text.key_touch_SsCSDCalculateScanDuration
                0x000019fc       0x24 .\CortexM0p\ARM_GCC_493\Debug\AYBR3000.a(key_touch_SensingCSD_LL.o)
                0x000019fc                key_touch_SsCSDCalculateScanDuration
 .text.key_touch_SsCSDStartSample
                0x00001a20      0x10c .\CortexM0p\ARM_GCC_493\Debug\AYBR3000.a(key_touch_SensingCSD_LL.o)
                0x00001a20                key_touch_SsCSDStartSample
 .text.key_touch_CSDScanExt
                0x00001b2c       0x1c .\CortexM0p\ARM_GCC_493\Debug\AYBR3000.a(key_touch_SensingCSD_LL.o)
                0x00001b2c                key_touch_CSDScanExt
 .text.key_touch_CSDConnectSns
                0x00001b48       0x34 .\CortexM0p\ARM_GCC_493\Debug\AYBR3000.a(key_touch_SensingCSD_LL.o)
                0x00001b48                key_touch_CSDConnectSns
 .text.key_touch_CSDScan
                0x00001b7c       0x78 .\CortexM0p\ARM_GCC_493\Debug\AYBR3000.a(key_touch_SensingCSD_LL.o)
                0x00001b7c                key_touch_CSDScan
 .text.key_touch_SsCSDConnectSensorExt
                0x00001bf4       0x28 .\CortexM0p\ARM_GCC_493\Debug\AYBR3000.a(key_touch_SensingCSD_LL.o)
                0x00001bf4                key_touch_SsCSDConnectSensorExt
 .text.key_touch_CSDDisconnectSns
                0x00001c1c       0x40 .\CortexM0p\ARM_GCC_493\Debug\AYBR3000.a(key_touch_SensingCSD_LL.o)
                0x00001c1c                key_touch_CSDDisconnectSns
 .text.key_touch_SsCSDElectrodeCheck
                0x00001c5c       0x24 .\CortexM0p\ARM_GCC_493\Debug\AYBR3000.a(key_touch_SensingCSD_LL.o)
                0x00001c5c                key_touch_SsCSDElectrodeCheck
 .text.key_touch_CSDSetupWidget
                0x00001c80       0x58 .\CortexM0p\ARM_GCC_493\Debug\AYBR3000.a(key_touch_SensingCSD_LL.o)
                0x00001c80                key_touch_CSDSetupWidget
 .text.key_touch_CSDSetupWidgetExt
                0x00001cd8       0x6c .\CortexM0p\ARM_GCC_493\Debug\AYBR3000.a(key_touch_SensingCSD_LL.o)
                0x00001cd8                key_touch_CSDSetupWidgetExt
 .text.key_touch_SsCSDSetSingleIdacMode
                0x00001d44       0x2c .\CortexM0p\ARM_GCC_493\Debug\AYBR3000.a(key_touch_SensingCSD_LL.o)
                0x00001d44                key_touch_SsCSDSetSingleIdacMode
 .text.key_touch_SsCSDCalibrateOneSensor
                0x00001d70       0xe8 .\CortexM0p\ARM_GCC_493\Debug\AYBR3000.a(key_touch_SensingCSD_LL.o)
 .text.key_touch_CSDCalibrateWidget
                0x00001e58      0x108 .\CortexM0p\ARM_GCC_493\Debug\AYBR3000.a(key_touch_SensingCSD_LL.o)
                0x00001e58                key_touch_CSDCalibrateWidget
 .text.Timer_1_WriteCounter
                0x00001f60       0x10 .\CortexM0p\ARM_GCC_493\Debug\AYBR3000.a(Timer_1.o)
                0x00001f60                Timer_1_WriteCounter
 .text.Timer_1_WritePeriod
                0x00001f70       0x10 .\CortexM0p\ARM_GCC_493\Debug\AYBR3000.a(Timer_1.o)
                0x00001f70                Timer_1_WritePeriod
 .text.Timer_1_TriggerCommand
                0x00001f80       0x1c .\CortexM0p\ARM_GCC_493\Debug\AYBR3000.a(Timer_1.o)
                0x00001f80                Timer_1_TriggerCommand
 .text.Timer_1_Enable
                0x00001f9c       0x24 .\CortexM0p\ARM_GCC_493\Debug\AYBR3000.a(Timer_1.o)
                0x00001f9c                Timer_1_Enable
 .text.Timer_1_SetInterruptMode
                0x00001fc0        0xc .\CortexM0p\ARM_GCC_493\Debug\AYBR3000.a(Timer_1.o)
                0x00001fc0                Timer_1_SetInterruptMode
 .text.Timer_1_Init
                0x00001fcc       0x30 .\CortexM0p\ARM_GCC_493\Debug\AYBR3000.a(Timer_1.o)
                0x00001fcc                Timer_1_Init
 .text.Timer_1_Start
                0x00001ffc       0x20 .\CortexM0p\ARM_GCC_493\Debug\AYBR3000.a(Timer_1.o)
                0x00001ffc                Timer_1_Start
 .text.Timer_1_ClearInterrupt
                0x0000201c        0xc .\CortexM0p\ARM_GCC_493\Debug\AYBR3000.a(Timer_1.o)
                0x0000201c                Timer_1_ClearInterrupt
 .text.SDIO_Write
                0x00002028       0x18 .\CortexM0p\ARM_GCC_493\Debug\AYBR3000.a(SDIO.o)
                0x00002028                SDIO_Write
 .text.SDIO_Read
                0x00002040       0x10 .\CortexM0p\ARM_GCC_493\Debug\AYBR3000.a(SDIO.o)
                0x00002040                SDIO_Read
 .text.SCK_Write
                0x00002050       0x18 .\CortexM0p\ARM_GCC_493\Debug\AYBR3000.a(SCK.o)
                0x00002050                SCK_Write
 .text.SCS_Write
                0x00002068       0x18 .\CortexM0p\ARM_GCC_493\Debug\AYBR3000.a(SCS.o)
                0x00002068                SCS_Write
 .text.key_touch_ISR_SetVector
                0x00002080        0xc .\CortexM0p\ARM_GCC_493\Debug\AYBR3000.a(key_touch_ISR.o)
                0x00002080                key_touch_ISR_SetVector
 .text.key_touch_ISR_SetPriority
                0x0000208c       0x24 .\CortexM0p\ARM_GCC_493\Debug\AYBR3000.a(key_touch_ISR.o)
                0x0000208c                key_touch_ISR_SetPriority
 .text.key_touch_ISR_Enable
                0x000020b0       0x10 .\CortexM0p\ARM_GCC_493\Debug\AYBR3000.a(key_touch_ISR.o)
                0x000020b0                key_touch_ISR_Enable
 .text.key_touch_ISR_Disable
                0x000020c0       0x10 .\CortexM0p\ARM_GCC_493\Debug\AYBR3000.a(key_touch_ISR.o)
                0x000020c0                key_touch_ISR_Disable
 .text.key_touch_ISR_StartEx
                0x000020d0       0x1c .\CortexM0p\ARM_GCC_493\Debug\AYBR3000.a(key_touch_ISR.o)
                0x000020d0                key_touch_ISR_StartEx
 .text.CySysClkImoDisableWcoLock
                0x000020ec       0x14 .\CortexM0p\ARM_GCC_493\Debug\AYBR3000.a(CyLib.o)
                0x000020ec                CySysClkImoDisableWcoLock
 .text.CySysClkImoGetWcoLock
                0x00002100       0x14 .\CortexM0p\ARM_GCC_493\Debug\AYBR3000.a(CyLib.o)
                0x00002100                CySysClkImoGetWcoLock
 .text.CyIntEnable
                0x00002114       0x14 .\CortexM0p\ARM_GCC_493\Debug\AYBR3000.a(CyLib.o)
                0x00002114                CyIntEnable
 .text.CyIntDisable
                0x00002128       0x14 .\CortexM0p\ARM_GCC_493\Debug\AYBR3000.a(CyLib.o)
                0x00002128                CyIntDisable
 .text.CyIntClearPending
                0x0000213c       0x14 .\CortexM0p\ARM_GCC_493\Debug\AYBR3000.a(CyLib.o)
                0x0000213c                CyIntClearPending
 .text.CyHalt   0x00002150        0x4 .\CortexM0p\ARM_GCC_493\Debug\AYBR3000.a(CyLib.o)
                0x00002150                CyHalt
 .text.CyIntSetVector
                0x00002154       0x24 .\CortexM0p\ARM_GCC_493\Debug\AYBR3000.a(CyLib.o)
                0x00002154                CyIntSetVector
 .text.CyIntSetPriority
                0x00002178       0x4c .\CortexM0p\ARM_GCC_493\Debug\AYBR3000.a(CyLib.o)
                0x00002178                CyIntSetPriority
 .text.CyDelay  0x000021c4       0x30 .\CortexM0p\ARM_GCC_493\Debug\AYBR3000.a(CyLib.o)
                0x000021c4                CyDelay
 .text.CySysClkImoEnableWcoLock
                0x000021f4       0xcc .\CortexM0p\ARM_GCC_493\Debug\AYBR3000.a(CyLib.o)
                0x000021f4                CySysClkImoEnableWcoLock
 .text.CySysClkWriteImoFreq
                0x000022c0       0xd8 .\CortexM0p\ARM_GCC_493\Debug\AYBR3000.a(CyLib.o)
                0x000022c0                CySysClkWriteImoFreq
 .text.CySysPmSleep
                0x00002398       0x1c .\CortexM0p\ARM_GCC_493\Debug\AYBR3000.a(cyPm.o)
                0x00002398                CySysPmSleep
 .text.CySysClkWcoEnabled
                0x000023b4       0x14 .\CortexM0p\ARM_GCC_493\Debug\AYBR3000.a(CyLFClk.o)
                0x000023b4                CySysClkWcoEnabled
 .text.CySysWdtDisable
                0x000023c8       0x10 .\CortexM0p\ARM_GCC_493\Debug\AYBR3000.a(CyLFClk.o)
                0x000023c8                CySysWdtDisable
 .text.time_1ms_ISR_SetVector
                0x000023d8        0xc .\CortexM0p\ARM_GCC_493\Debug\AYBR3000.a(time_1ms_ISR.o)
                0x000023d8                time_1ms_ISR_SetVector
 .text.time_1ms_ISR_SetPriority
                0x000023e4       0x20 .\CortexM0p\ARM_GCC_493\Debug\AYBR3000.a(time_1ms_ISR.o)
                0x000023e4                time_1ms_ISR_SetPriority
 .text.time_1ms_ISR_Enable
                0x00002404       0x10 .\CortexM0p\ARM_GCC_493\Debug\AYBR3000.a(time_1ms_ISR.o)
                0x00002404                time_1ms_ISR_Enable
 .text.time_1ms_ISR_Disable
                0x00002414       0x10 .\CortexM0p\ARM_GCC_493\Debug\AYBR3000.a(time_1ms_ISR.o)
                0x00002414                time_1ms_ISR_Disable
 .text.time_1ms_ISR_StartEx
                0x00002424       0x1c .\CortexM0p\ARM_GCC_493\Debug\AYBR3000.a(time_1ms_ISR.o)
                0x00002424                time_1ms_ISR_StartEx
 .text.EZI2C_ScbEnableIntr
                0x00002440        0xc .\CortexM0p\ARM_GCC_493\Debug\AYBR3000.a(EZI2C.o)
 .text.EZI2C_Init
                0x0000244c        0x8 .\CortexM0p\ARM_GCC_493\Debug\AYBR3000.a(EZI2C.o)
                0x0000244c                EZI2C_Init
 .text.EZI2C_Enable
                0x00002454       0x18 .\CortexM0p\ARM_GCC_493\Debug\AYBR3000.a(EZI2C.o)
                0x00002454                EZI2C_Enable
 .text.EZI2C_Start
                0x0000246c       0x20 .\CortexM0p\ARM_GCC_493\Debug\AYBR3000.a(EZI2C.o)
                0x0000246c                EZI2C_Start
 .text.EZI2C_EzI2CInit
                0x0000248c       0xc4 .\CortexM0p\ARM_GCC_493\Debug\AYBR3000.a(EZI2C_EZI2C.o)
                0x0000248c                EZI2C_EzI2CInit
 .text.EZI2C_EzI2CSetBuffer1
                0x00002550       0x30 .\CortexM0p\ARM_GCC_493\Debug\AYBR3000.a(EZI2C_EZI2C.o)
                0x00002550                EZI2C_EzI2CSetBuffer1
 .text.EZI2C_EZI2C_STRETCH_ISR
                0x00002580      0x348 .\CortexM0p\ARM_GCC_493\Debug\AYBR3000.a(EZI2C_EZI2C_INT.o)
                0x00002580                EZI2C_EZI2C_STRETCH_ISR
 .text          0x000028c8       0x20 .\CortexM0p\ARM_GCC_493\Debug\AYBR3000.a(CyBootAsmGnu.o)
                0x000028c8                CyDelayCycles
                0x000028da                CyEnterCriticalSection
                0x000028e2                CyExitCriticalSection
 .text.key_touch_CSDPostSingleScan
                0x000028e8       0x78 .\CortexM0p\ARM_GCC_493\Debug\AYBR3000.a(key_touch_INT.o)
                0x000028e8                key_touch_CSDPostSingleScan
 .text.key_touch_CSDPostMultiScan
                0x00002960      0x11c .\CortexM0p\ARM_GCC_493\Debug\AYBR3000.a(key_touch_INT.o)
                0x00002960                key_touch_CSDPostMultiScan
 .text.CySysFlashSetWaitCycles
                0x00002a7c       0x54 .\CortexM0p\ARM_GCC_493\Debug\AYBR3000.a(CyFlash.o)
                0x00002a7c                CySysFlashSetWaitCycles
 .text          0x00002ad0      0x120 d:/program files (x86)/cypress/psoc creator/4.0/psoc creator/import/gnu/arm/4.9.3/bin/../lib/gcc/arm-none-eabi/4.9.3/armv6-m\libgcc.a(_udivsi3.o)
                0x00002ad0                __aeabi_uidiv
                0x00002ad0                __udivsi3
                0x00002bdc                __aeabi_uidivmod
 .text          0x00002bf0        0x4 d:/program files (x86)/cypress/psoc creator/4.0/psoc creator/import/gnu/arm/4.9.3/bin/../lib/gcc/arm-none-eabi/4.9.3/armv6-m\libgcc.a(_dvmd_tls.o)
                0x00002bf0                __aeabi_idiv0
                0x00002bf0                __aeabi_ldiv0
 .text.__errno  0x00002bf4        0xc d:/program files (x86)/cypress/psoc creator/4.0/psoc creator/import/gnu/arm/4.9.3/bin/../lib/gcc/arm-none-eabi/4.9.3/../../../../arm-none-eabi/lib/armv6-m\libg_nano.a(lib_a-errno.o)
                0x00002bf4                __errno
 .text.__libc_init_array
                0x00002c00       0x4c d:/program files (x86)/cypress/psoc creator/4.0/psoc creator/import/gnu/arm/4.9.3/bin/../lib/gcc/arm-none-eabi/4.9.3/../../../../arm-none-eabi/lib/armv6-m\libg_nano.a(lib_a-init.o)
                0x00002c00                __libc_init_array
 .text.memcpy   0x00002c4c       0x12 d:/program files (x86)/cypress/psoc creator/4.0/psoc creator/import/gnu/arm/4.9.3/bin/../lib/gcc/arm-none-eabi/4.9.3/../../../../arm-none-eabi/lib/armv6-m\libg_nano.a(lib_a-memcpy.o)
                0x00002c4c                memcpy
 .text.memset   0x00002c5e       0x10 d:/program files (x86)/cypress/psoc creator/4.0/psoc creator/import/gnu/arm/4.9.3/bin/../lib/gcc/arm-none-eabi/4.9.3/../../../../arm-none-eabi/lib/armv6-m\libg_nano.a(lib_a-memset.o)
                0x00002c5e                memset
 *(.plt)
 *(.gnu.warning)
 *(.glue_7t)
 .glue_7t       0x00000000        0x0 linker stubs
 *(.glue_7)
 .glue_7        0x00000000        0x0 linker stubs
 *(.vfp11_veneer)
 .vfp11_veneer  0x00000000        0x0 linker stubs
 *(.bootloader)
 *(.ARM.extab* .gnu.linkonce.armextab.*)
 *(.gcc_except_table)

.v4_bx          0x00002c70        0x0
 .v4_bx         0x00000000        0x0 linker stubs

.iplt           0x00002c70        0x0
 .iplt          0x00000000        0x0 d:/program files (x86)/cypress/psoc creator/4.0/psoc creator/import/gnu/arm/4.9.3/bin/../lib/gcc/arm-none-eabi/4.9.3/armv6-m/crtbegin.o

.eh_frame_hdr
 *(.eh_frame_hdr)

.eh_frame       0x00002c70        0x4
 *(.eh_frame)
 .eh_frame      0x00002c70        0x0 d:/program files (x86)/cypress/psoc creator/4.0/psoc creator/import/gnu/arm/4.9.3/bin/../lib/gcc/arm-none-eabi/4.9.3/armv6-m/crtbegin.o
 .eh_frame      0x00002c70        0x4 d:/program files (x86)/cypress/psoc creator/4.0/psoc creator/import/gnu/arm/4.9.3/bin/../lib/gcc/arm-none-eabi/4.9.3/armv6-m/crtend.o
                0x00002c74                PROVIDE (__exidx_start, .)

.ARM.exidx
 *(.ARM.exidx* .gnu.linkonce.armexidx.*)
                0x00002c74                __exidx_end = .

.rodata         0x00002c74      0x40c
 *(.rodata .rodata.* .gnu.linkonce.r.*)
 .rodata        0x00002c74       0x30 .\CortexM0p\ARM_GCC_493\Debug\main.o
 .rodata        0x00002ca4       0x30 .\CortexM0p\ARM_GCC_493\Debug\key.o
 .rodata        0x00002cd4      0x33c .\CortexM0p\ARM_GCC_493\Debug\AYBR3000.a(key_touch_Structure.o)
                0x00002ce0                key_touch_dsFlash
                0x00002ec0                key_touch_ioList
 .rodata        0x00003010       0x18 .\CortexM0p\ARM_GCC_493\Debug\AYBR3000.a(key_touch_Tuner.o)
 .rodata        0x00003028        0x1 .\CortexM0p\ARM_GCC_493\Debug\AYBR3000.a(key_touch_Sensing.o)
                0x00003028                key_touch_scanFreqIndex
 *fill*         0x00003029        0x3 
 .rodata        0x0000302c       0x18 .\CortexM0p\ARM_GCC_493\Debug\AYBR3000.a(CyLib.o)
                0x0000302c                cyImoFreqMhz2DpllOffset
 .rodata.str1.1
                0x00003044        0x2 d:/program files (x86)/cypress/psoc creator/4.0/psoc creator/import/gnu/arm/4.9.3/bin/../lib/gcc/arm-none-eabi/4.9.3/../../../../arm-none-eabi/lib/armv6-m\libg_nano.a(lib_a-impure.o)
                0x00003048                . = ALIGN (0x4)
 *fill*         0x00003046        0x2 
 *(.init)
 .init          0x00003048        0x4 d:/program files (x86)/cypress/psoc creator/4.0/psoc creator/import/gnu/arm/4.9.3/bin/../lib/gcc/arm-none-eabi/4.9.3/armv6-m/crti.o
                0x00003048                _init
 .init          0x0000304c        0x8 d:/program files (x86)/cypress/psoc creator/4.0/psoc creator/import/gnu/arm/4.9.3/bin/../lib/gcc/arm-none-eabi/4.9.3/armv6-m/crtn.o
                0x00003054                . = ALIGN (0x4)
                0x00003054                __preinit_array_start = .
 *(.preinit_array)
                0x00003054                __preinit_array_end = .
                0x00003054                . = ALIGN (0x4)
                0x00003054                __init_array_start = .
 *(SORT(.init_array.*))
 *(.init_array)
 .init_array    0x00003054        0x4 d:/program files (x86)/cypress/psoc creator/4.0/psoc creator/import/gnu/arm/4.9.3/bin/../lib/gcc/arm-none-eabi/4.9.3/armv6-m/crtbegin.o
 .init_array    0x00003058        0x4 .\CortexM0p\ARM_GCC_493\Debug\Cm0plusStart.o
                0x0000305c                __init_array_end = .
                0x0000305c                . = ALIGN (0x4)
 *(.fini)
 .fini          0x0000305c        0x4 d:/program files (x86)/cypress/psoc creator/4.0/psoc creator/import/gnu/arm/4.9.3/bin/../lib/gcc/arm-none-eabi/4.9.3/armv6-m/crti.o
                0x0000305c                _fini
 .fini          0x00003060        0x8 d:/program files (x86)/cypress/psoc creator/4.0/psoc creator/import/gnu/arm/4.9.3/bin/../lib/gcc/arm-none-eabi/4.9.3/armv6-m/crtn.o
                0x00003068                . = ALIGN (0x4)
                0x00003068                __fini_array_start = .
 *(.fini_array)
 .fini_array    0x00003068        0x4 d:/program files (x86)/cypress/psoc creator/4.0/psoc creator/import/gnu/arm/4.9.3/bin/../lib/gcc/arm-none-eabi/4.9.3/armv6-m/crtbegin.o
 *(SORT(.fini_array.*))
                0x0000306c                __fini_array_end = .
                0x0000306c                . = ALIGN (0x4)
 *crtbegin.o(.ctors)
 *(EXCLUDE_FILE(*crtend.o) .ctors)
 *(SORT(.ctors.*))
 *crtend.o(.ctors)
                0x0000306c                . = ALIGN (0x4)
 *crtbegin.o(.dtors)
 *(EXCLUDE_FILE(*crtend.o) .dtors)
 *(SORT(.dtors.*))
 *crtend.o(.dtors)
                0x0000306c                . = ALIGN (0x4)
                0x0000306c                __cy_regions = .
                0x0000306c        0x4 LONG 0x3080 __cy_region_init_ram
                0x00003070        0x4 LONG 0x20000088 __cy_region_start_data
                0x00003074        0x4 LONG 0xb0 __cy_region_init_size_ram
                0x00003078        0x4 LONG 0x240 __cy_region_zero_size_ram
                0x0000307c                __cy_regions_end = .
                0x00003080                . = ALIGN (0x8)
 *fill*         0x0000307c        0x4 
                0x00003080                _etext = .

.cy_checksum_exclude
                0x00003080        0x0
 *(.cy_checksum_exclude)

.ramvectors     0x20000000       0x80
                0x20000000                __cy_region_start_ram = .
 *(.ramvectors)
 .ramvectors    0x20000000       0x80 .\CortexM0p\ARM_GCC_493\Debug\Cm0plusStart.o
                0x20000000                CyRamVectors

.noinit         0x20000080        0x4
 *(.noinit)
 .noinit        0x20000080        0x4 .\CortexM0p\ARM_GCC_493\Debug\Cm0plusStart.o

.data           0x20000088       0xb0 load address 0x00003080
                0x20000088                __cy_region_start_data = .
 *(.jcr)
 .jcr           0x20000088        0x0 d:/program files (x86)/cypress/psoc creator/4.0/psoc creator/import/gnu/arm/4.9.3/bin/../lib/gcc/arm-none-eabi/4.9.3/armv6-m/crtbegin.o
 .jcr           0x20000088        0x4 d:/program files (x86)/cypress/psoc creator/4.0/psoc creator/import/gnu/arm/4.9.3/bin/../lib/gcc/arm-none-eabi/4.9.3/armv6-m/crtend.o
 *(.got.plt)
 *(.got)
 *(.shdata)
 *(.data .data.* .gnu.linkonce.d.*)
 .data          0x2000008c       0x2c .\CortexM0p\ARM_GCC_493\Debug\main.o
                0x2000008c                src_ID
                0x20000090                fenzhong
                0x20000094                beij_h
                0x20000098                xiaoshi
                0x2000009c                command_type
                0x200000a0                p_mutex_function
                0x200000a4                p_combine_function
                0x200000a8                wendu
                0x200000ac                dingshi
                0x200000b0                temp_fengnuan
                0x200000b1                temp_xin_feng_qn
                0x200000b2                time_zhi_mu
                0x200000b3                time_zhi_jing
                0x200000b4                time_xin_feng_qu_nuan
                0x200000b5                time_xin_feng
                0x200000b6                time_huan_qi
                0x200000b7                time_feng_nuan
 .data          0x200000b8        0x4 .\CortexM0p\ARM_GCC_493\Debug\AYBR3000.a(key_touch_SensingCSD_LL.o)
                0x200000b8                key_touch_configCsd
 .data          0x200000bc       0x14 .\CortexM0p\ARM_GCC_493\Debug\AYBR3000.a(CyLib.o)
                0x200000bc                CySysClkPumpConfig
                0x200000c0                cydelay32kMs
                0x200000c4                cydelayFreqKhz
                0x200000c8                cydelayFreqMhz
                0x200000cc                cydelayFreqHz
 .data.impure_data
                0x200000d0       0x60 d:/program files (x86)/cypress/psoc creator/4.0/psoc creator/import/gnu/arm/4.9.3/bin/../lib/gcc/arm-none-eabi/4.9.3/../../../../arm-none-eabi/lib/armv6-m\libg_nano.a(lib_a-impure.o)
 .data._impure_ptr
                0x20000130        0x4 d:/program files (x86)/cypress/psoc creator/4.0/psoc creator/import/gnu/arm/4.9.3/bin/../lib/gcc/arm-none-eabi/4.9.3/../../../../arm-none-eabi/lib/armv6-m\libg_nano.a(lib_a-impure.o)
                0x20000130                _impure_ptr
                0x20000138                . = ALIGN (0x8)
 *fill*         0x20000134        0x4 
 *(.ram)
                0x20000138                _edata = .

.igot.plt       0x20000138        0x0 load address 0x00003130
 .igot.plt      0x00000000        0x0 d:/program files (x86)/cypress/psoc creator/4.0/psoc creator/import/gnu/arm/4.9.3/bin/../lib/gcc/arm-none-eabi/4.9.3/armv6-m/crtbegin.o

.bss            0x20000138      0x240 load address 0x00003130
                0x20000138                PROVIDE (__bss_start__, .)
 *(.shbss)
 *(.bss .bss.* .gnu.linkonce.b.*)
 .bss           0x20000138       0x1c d:/program files (x86)/cypress/psoc creator/4.0/psoc creator/import/gnu/arm/4.9.3/bin/../lib/gcc/arm-none-eabi/4.9.3/armv6-m/crtbegin.o
 .bss           0x20000154       0x58 .\CortexM0p\ARM_GCC_493\Debug\main.o
                0x20000154                send_buffer
                0x2000016c                dest_ID
                0x20000171                beij_s
                0x20000172                beij_m
                0x20000174                send_show_buffer
                0x20000184                send_flag
                0x20000185                qiang_ruo_mode
                0x20000186                zhi_neng_mode
                0x20000187                match_code
                0x20000188                match_code_state
                0x2000018c                receive_buffer
                0x200001a4                timer_count
                0x200001a6                LCD_on_count
                0x200001a8                lcd_on
                0x200001a9                t
                0x200001aa                mutex_function_mode
 .bss           0x200001ac        0x1 .\CortexM0p\ARM_GCC_493\Debug\A7105_firmware_lib.o
                0x200001ac                A7105_wtr_status
 *fill*         0x200001ad        0x1 
 .bss           0x200001ae        0x2 .\CortexM0p\ARM_GCC_493\Debug\timing.o
 .bss           0x200001b0       0x24 .\CortexM0p\ARM_GCC_493\Debug\key.o
                0x200001c8                key_changed
 .bss           0x200001d4        0x1 .\CortexM0p\ARM_GCC_493\Debug\AYBR3000.a(key_touch_Control.o)
 *fill*         0x200001d5        0x3 
 .bss           0x200001d8       0x30 .\CortexM0p\ARM_GCC_493\Debug\AYBR3000.a(key_touch_Structure.o)
 .bss           0x20000208        0x4 .\CortexM0p\ARM_GCC_493\Debug\AYBR3000.a(key_touch_Tuner.o)
 .bss           0x2000020c        0x3 .\CortexM0p\ARM_GCC_493\Debug\AYBR3000.a(key_touch_Sensing.o)
                0x2000020c                key_touch_requestScanAllWidget
                0x2000020d                key_touch_widgetIndex
                0x2000020e                key_touch_sensorIndex
 .bss           0x2000020f        0x1 .\CortexM0p\ARM_GCC_493\Debug\AYBR3000.a(key_touch_SensingCSD_LL.o)
 .bss           0x20000210        0x1 .\CortexM0p\ARM_GCC_493\Debug\AYBR3000.a(Timer_1.o)
                0x20000210                Timer_1_initVar
 *fill*         0x20000211        0x3 
 .bss           0x20000214        0x8 .\CortexM0p\ARM_GCC_493\Debug\AYBR3000.a(EZI2C.o)
                0x20000214                EZI2C_initVar
                0x20000218                EZI2C_customIntrHandler
 .bss           0x2000021c        0x2 .\CortexM0p\ARM_GCC_493\Debug\AYBR3000.a(EZI2C_EZI2C_INT.o)
 *(COMMON)
 *fill*         0x2000021e        0x2 
 COMMON         0x20000220        0x6 .\CortexM0p\ARM_GCC_493\Debug\main.o
                0x20000220                match_code_wait
 *fill*         0x20000226        0x2 
 COMMON         0x20000228      0x134 .\CortexM0p\ARM_GCC_493\Debug\AYBR3000.a(key_touch_Structure.o)
                0x20000228                key_touch_dsRam
 COMMON         0x2000035c        0x8 .\CortexM0p\ARM_GCC_493\Debug\AYBR3000.a(key_touch_Sensing.o)
                0x2000035c                key_touch_curSnsIOPtr
                0x20000360                key_touch_curRamSnsPtr
 COMMON         0x20000364       0x12 .\CortexM0p\ARM_GCC_493\Debug\AYBR3000.a(EZI2C_EZI2C.o)
                0x20000364                EZI2C_offsetBuf1
                0x20000366                EZI2C_indexBuf1
                0x20000368                EZI2C_fsmState
                0x2000036a                EZI2C_protectBuf1
                0x2000036c                EZI2C_curStatus
                0x20000370                EZI2C_dataBuffer1
                0x20000374                EZI2C_bufSizeBuf1
                0x20000378                . = ALIGN (0x8)
 *fill*         0x20000376        0x2 
 *(.ram.b)
                0x20000378                _end = .
                0x20000378                __end = .
                0x20000378                PROVIDE (end, .)
                0x20000378                PROVIDE (__bss_end__, .)
                0x00003080                __cy_region_init_ram = LOADADDR (.data)
                0x000000b0                __cy_region_init_size_ram = (_edata - ADDR (.data))
                0x00000240                __cy_region_zero_size_ram = (_end - _edata)

.heap           0x20000378       0x80 load address 0x00003130
                0x20000378                . = _end
                0x200003f8                . = (. + 0x80)
 *fill*         0x20000378       0x80 
                0x200003f8                __cy_heap_limit = .

.stack          0x20000600      0x200
                0x20000600                __cy_stack_limit = .
                0x20000800                . = (. + 0x200)
 *fill*         0x20000600      0x200 
                0x00000001                ASSERT ((__cy_stack_limit >= __cy_heap_limit), region RAM overflowed with stack)
                0x00000000                cy_checksum_exclude_size = (CY_APPL_LOADABLE == 0x1)?SIZEOF (.cy_checksum_exclude):0x0
                0x00000001                ASSERT ((cy_checksum_exclude_size <= CY_CHECKSUM_EXCLUDE_SIZE), CY_BOOT: Section .cy_checksum_exclude size exceedes specified limit.)
                0x00003fc0                cyloadermeta_start = (cy_project_type_bootloader || cy_project_type_app_for_stack_and_copier)?(0x4000 - CY_METADATA_SIZE):0xf0000000

.cyloadermeta
 *(.cyloadermeta)
                0x00003fc0                cyloadablemeta_start = cy_project_type_app_for_stack_and_copier?((0x4000 - CY_FLASH_ROW_SIZE) - CY_METADATA_SIZE):((0x4000 - (CY_FLASH_ROW_SIZE * (CY_APPL_NUM - 0x1))) - CY_METADATA_SIZE)

.cyloadablemeta
 *(.cyloadablemeta)

.cyflashprotect
                0x90400000       0x10
 *(.cyflashprotect)
 .cyflashprotect
                0x90400000       0x10 .\CortexM0p\ARM_GCC_493\Debug\cymetadata.o
                0x90400000                cy_meta_flashprotect

.cymeta         0x90500000        0xc
 *(.cymeta)
 .cymeta        0x90500000        0xc .\CortexM0p\ARM_GCC_493\Debug\cymetadata.o
                0x90500000                cy_metadata

.cychipprotect  0x90600000        0x4
 *(.cychipprotect)
 .cychipprotect
                0x90600000        0x4 .\CortexM0p\ARM_GCC_493\Debug\cymetadata.o
                0x90600000                cy_meta_chipprotect

.rel.dyn        0x00003130        0x0 load address 0x90600004
 .rel.iplt      0x00000000        0x0 d:/program files (x86)/cypress/psoc creator/4.0/psoc creator/import/gnu/arm/4.9.3/bin/../lib/gcc/arm-none-eabi/4.9.3/armv6-m/crtbegin.o

.stab
 *(.stab)

.stabstr
 *(.stabstr)

.debug
 *(.debug)

.line
 *(.line)

.debug_srcinfo
 *(.debug_srcinfo)

.debug_sfnames
 *(.debug_sfnames)

.debug_aranges  0x00000000      0xca8
 *(.debug_aranges)
 .debug_aranges
                0x00000000       0x58 .\CortexM0p\ARM_GCC_493\Debug\main.o
 .debug_aranges
                0x00000058       0x50 .\CortexM0p\ARM_GCC_493\Debug\A7105_driver.o
 .debug_aranges
                0x000000a8       0x80 .\CortexM0p\ARM_GCC_493\Debug\A7105_firmware_lib.o
 .debug_aranges
                0x00000128       0x30 .\CortexM0p\ARM_GCC_493\Debug\simple_protocol.o
 .debug_aranges
                0x00000158       0x38 .\CortexM0p\ARM_GCC_493\Debug\timing.o
 .debug_aranges
                0x00000190       0x48 .\CortexM0p\ARM_GCC_493\Debug\key.o
 .debug_aranges
                0x000001d8       0x18 .\CortexM0p\ARM_GCC_493\Debug\cymetadata.o
 .debug_aranges
                0x000001f0       0x48 .\CortexM0p\ARM_GCC_493\Debug\Cm0plusStart.o
 .debug_aranges
                0x00000238       0x38 .\CortexM0p\ARM_GCC_493\Debug\AYBR3000.a(cyfitter_cfg.o)
 .debug_aranges
                0x00000270       0x68 .\CortexM0p\ARM_GCC_493\Debug\AYBR3000.a(key_touch_Control.o)
 .debug_aranges
                0x000002d8       0x48 .\CortexM0p\ARM_GCC_493\Debug\AYBR3000.a(key_touch_Processing.o)
 .debug_aranges
                0x00000320       0x50 .\CortexM0p\ARM_GCC_493\Debug\AYBR3000.a(key_touch_Structure.o)
 .debug_aranges
                0x00000370       0x28 .\CortexM0p\ARM_GCC_493\Debug\AYBR3000.a(key_touch_Tuner.o)
 .debug_aranges
                0x00000398       0x70 .\CortexM0p\ARM_GCC_493\Debug\AYBR3000.a(key_touch_Filter.o)
 .debug_aranges
                0x00000408       0xa8 .\CortexM0p\ARM_GCC_493\Debug\AYBR3000.a(key_touch_Sensing.o)
 .debug_aranges
                0x000004b0       0xd0 .\CortexM0p\ARM_GCC_493\Debug\AYBR3000.a(key_touch_SensingCSD_LL.o)
 .debug_aranges
                0x00000580      0x158 .\CortexM0p\ARM_GCC_493\Debug\AYBR3000.a(Timer_1.o)
 .debug_aranges
                0x000006d8       0x48 .\CortexM0p\ARM_GCC_493\Debug\AYBR3000.a(SDIO.o)
 .debug_aranges
                0x00000720       0x48 .\CortexM0p\ARM_GCC_493\Debug\AYBR3000.a(SCK.o)
 .debug_aranges
                0x00000768       0x48 .\CortexM0p\ARM_GCC_493\Debug\AYBR3000.a(SCS.o)
 .debug_aranges
                0x000007b0       0x80 .\CortexM0p\ARM_GCC_493\Debug\AYBR3000.a(key_touch_ISR.o)
 .debug_aranges
                0x00000830      0x190 .\CortexM0p\ARM_GCC_493\Debug\AYBR3000.a(CyLib.o)
 .debug_aranges
                0x000009c0       0x30 .\CortexM0p\ARM_GCC_493\Debug\AYBR3000.a(cyPm.o)
 .debug_aranges
                0x000009f0       0xd8 .\CortexM0p\ARM_GCC_493\Debug\AYBR3000.a(CyLFClk.o)
 .debug_aranges
                0x00000ac8       0x80 .\CortexM0p\ARM_GCC_493\Debug\AYBR3000.a(time_1ms_ISR.o)
 .debug_aranges
                0x00000b48       0x60 .\CortexM0p\ARM_GCC_493\Debug\AYBR3000.a(EZI2C.o)
 .debug_aranges
                0x00000ba8       0x50 .\CortexM0p\ARM_GCC_493\Debug\AYBR3000.a(EZI2C_EZI2C.o)
 .debug_aranges
                0x00000bf8       0x20 .\CortexM0p\ARM_GCC_493\Debug\AYBR3000.a(EZI2C_EZI2C_INT.o)
 .debug_aranges
                0x00000c18       0x20 .\CortexM0p\ARM_GCC_493\Debug\AYBR3000.a(CyBootAsmGnu.o)
 .debug_aranges
                0x00000c38       0x28 .\CortexM0p\ARM_GCC_493\Debug\AYBR3000.a(key_touch_INT.o)
 .debug_aranges
                0x00000c60       0x48 .\CortexM0p\ARM_GCC_493\Debug\AYBR3000.a(CyFlash.o)

.debug_pubnames
 *(.debug_pubnames)

.debug_info     0x00000000     0xb6d0
 *(.debug_info .gnu.linkonce.wi.*)
 .debug_info    0x00000000      0xdf4 .\CortexM0p\ARM_GCC_493\Debug\main.o
 .debug_info    0x00000df4      0x629 .\CortexM0p\ARM_GCC_493\Debug\A7105_driver.o
 .debug_info    0x0000141d      0xaa3 .\CortexM0p\ARM_GCC_493\Debug\A7105_firmware_lib.o
 .debug_info    0x00001ec0      0x28a .\CortexM0p\ARM_GCC_493\Debug\simple_protocol.o
 .debug_info    0x0000214a      0x158 .\CortexM0p\ARM_GCC_493\Debug\timing.o
 .debug_info    0x000022a2      0x42d .\CortexM0p\ARM_GCC_493\Debug\key.o
 .debug_info    0x000026cf       0xfe .\CortexM0p\ARM_GCC_493\Debug\cymetadata.o
 .debug_info    0x000027cd      0x399 .\CortexM0p\ARM_GCC_493\Debug\Cm0plusStart.o
 .debug_info    0x00002b66      0x163 .\CortexM0p\ARM_GCC_493\Debug\AYBR3000.a(cyfitter_cfg.o)
 .debug_info    0x00002cc9      0xb3e .\CortexM0p\ARM_GCC_493\Debug\AYBR3000.a(key_touch_Control.o)
 .debug_info    0x00003807      0xa79 .\CortexM0p\ARM_GCC_493\Debug\AYBR3000.a(key_touch_Processing.o)
 .debug_info    0x00004280      0xbd1 .\CortexM0p\ARM_GCC_493\Debug\AYBR3000.a(key_touch_Structure.o)
 .debug_info    0x00004e51      0x6c8 .\CortexM0p\ARM_GCC_493\Debug\AYBR3000.a(key_touch_Tuner.o)
 .debug_info    0x00005519      0x8c3 .\CortexM0p\ARM_GCC_493\Debug\AYBR3000.a(key_touch_Filter.o)
 .debug_info    0x00005ddc      0xe9c .\CortexM0p\ARM_GCC_493\Debug\AYBR3000.a(key_touch_Sensing.o)
 .debug_info    0x00006c78     0x1008 .\CortexM0p\ARM_GCC_493\Debug\AYBR3000.a(key_touch_SensingCSD_LL.o)
 .debug_info    0x00007c80      0x8f1 .\CortexM0p\ARM_GCC_493\Debug\AYBR3000.a(Timer_1.o)
 .debug_info    0x00008571      0x19d .\CortexM0p\ARM_GCC_493\Debug\AYBR3000.a(SDIO.o)
 .debug_info    0x0000870e      0x19d .\CortexM0p\ARM_GCC_493\Debug\AYBR3000.a(SCK.o)
 .debug_info    0x000088ab      0x19b .\CortexM0p\ARM_GCC_493\Debug\AYBR3000.a(SCS.o)
 .debug_info    0x00008a46      0x300 .\CortexM0p\ARM_GCC_493\Debug\AYBR3000.a(key_touch_ISR.o)
 .debug_info    0x00008d46      0xbe1 .\CortexM0p\ARM_GCC_493\Debug\AYBR3000.a(CyLib.o)
 .debug_info    0x00009927      0x17b .\CortexM0p\ARM_GCC_493\Debug\AYBR3000.a(cyPm.o)
 .debug_info    0x00009aa2      0x43f .\CortexM0p\ARM_GCC_493\Debug\AYBR3000.a(CyLFClk.o)
 .debug_info    0x00009ee1      0x300 .\CortexM0p\ARM_GCC_493\Debug\AYBR3000.a(time_1ms_ISR.o)
 .debug_info    0x0000a1e1      0x297 .\CortexM0p\ARM_GCC_493\Debug\AYBR3000.a(EZI2C.o)
 .debug_info    0x0000a478      0x347 .\CortexM0p\ARM_GCC_493\Debug\AYBR3000.a(EZI2C_EZI2C.o)
 .debug_info    0x0000a7bf      0x1df .\CortexM0p\ARM_GCC_493\Debug\AYBR3000.a(EZI2C_EZI2C_INT.o)
 .debug_info    0x0000a99e       0x82 .\CortexM0p\ARM_GCC_493\Debug\AYBR3000.a(CyBootAsmGnu.o)
 .debug_info    0x0000aa20      0x87b .\CortexM0p\ARM_GCC_493\Debug\AYBR3000.a(key_touch_INT.o)
 .debug_info    0x0000b29b      0x435 .\CortexM0p\ARM_GCC_493\Debug\AYBR3000.a(CyFlash.o)

.debug_abbrev   0x00000000     0x3091
 *(.debug_abbrev)
 .debug_abbrev  0x00000000      0x2ec .\CortexM0p\ARM_GCC_493\Debug\main.o
 .debug_abbrev  0x000002ec      0x166 .\CortexM0p\ARM_GCC_493\Debug\A7105_driver.o
 .debug_abbrev  0x00000452      0x2b5 .\CortexM0p\ARM_GCC_493\Debug\A7105_firmware_lib.o
 .debug_abbrev  0x00000707      0x135 .\CortexM0p\ARM_GCC_493\Debug\simple_protocol.o
 .debug_abbrev  0x0000083c      0x101 .\CortexM0p\ARM_GCC_493\Debug\timing.o
 .debug_abbrev  0x0000093d      0x165 .\CortexM0p\ARM_GCC_493\Debug\key.o
 .debug_abbrev  0x00000aa2       0x5d .\CortexM0p\ARM_GCC_493\Debug\cymetadata.o
 .debug_abbrev  0x00000aff      0x1df .\CortexM0p\ARM_GCC_493\Debug\Cm0plusStart.o
 .debug_abbrev  0x00000cde       0xe2 .\CortexM0p\ARM_GCC_493\Debug\AYBR3000.a(cyfitter_cfg.o)
 .debug_abbrev  0x00000dc0      0x280 .\CortexM0p\ARM_GCC_493\Debug\AYBR3000.a(key_touch_Control.o)
 .debug_abbrev  0x00001040      0x1f1 .\CortexM0p\ARM_GCC_493\Debug\AYBR3000.a(key_touch_Processing.o)
 .debug_abbrev  0x00001231      0x226 .\CortexM0p\ARM_GCC_493\Debug\AYBR3000.a(key_touch_Structure.o)
 .debug_abbrev  0x00001457      0x19a .\CortexM0p\ARM_GCC_493\Debug\AYBR3000.a(key_touch_Tuner.o)
 .debug_abbrev  0x000015f1      0x2a1 .\CortexM0p\ARM_GCC_493\Debug\AYBR3000.a(key_touch_Filter.o)
 .debug_abbrev  0x00001892      0x2ab .\CortexM0p\ARM_GCC_493\Debug\AYBR3000.a(key_touch_Sensing.o)
 .debug_abbrev  0x00001b3d      0x298 .\CortexM0p\ARM_GCC_493\Debug\AYBR3000.a(key_touch_SensingCSD_LL.o)
 .debug_abbrev  0x00001dd5      0x133 .\CortexM0p\ARM_GCC_493\Debug\AYBR3000.a(Timer_1.o)
 .debug_abbrev  0x00001f08       0xc8 .\CortexM0p\ARM_GCC_493\Debug\AYBR3000.a(SDIO.o)
 .debug_abbrev  0x00001fd0       0xc8 .\CortexM0p\ARM_GCC_493\Debug\AYBR3000.a(SCK.o)
 .debug_abbrev  0x00002098       0xc8 .\CortexM0p\ARM_GCC_493\Debug\AYBR3000.a(SCS.o)
 .debug_abbrev  0x00002160      0x1b4 .\CortexM0p\ARM_GCC_493\Debug\AYBR3000.a(key_touch_ISR.o)
 .debug_abbrev  0x00002314      0x236 .\CortexM0p\ARM_GCC_493\Debug\AYBR3000.a(CyLib.o)
 .debug_abbrev  0x0000254a       0xc6 .\CortexM0p\ARM_GCC_493\Debug\AYBR3000.a(cyPm.o)
 .debug_abbrev  0x00002610      0x1b6 .\CortexM0p\ARM_GCC_493\Debug\AYBR3000.a(CyLFClk.o)
 .debug_abbrev  0x000027c6      0x1b4 .\CortexM0p\ARM_GCC_493\Debug\AYBR3000.a(time_1ms_ISR.o)
 .debug_abbrev  0x0000297a      0x143 .\CortexM0p\ARM_GCC_493\Debug\AYBR3000.a(EZI2C.o)
 .debug_abbrev  0x00002abd      0x170 .\CortexM0p\ARM_GCC_493\Debug\AYBR3000.a(EZI2C_EZI2C.o)
 .debug_abbrev  0x00002c2d       0xc6 .\CortexM0p\ARM_GCC_493\Debug\AYBR3000.a(EZI2C_EZI2C_INT.o)
 .debug_abbrev  0x00002cf3       0x14 .\CortexM0p\ARM_GCC_493\Debug\AYBR3000.a(CyBootAsmGnu.o)
 .debug_abbrev  0x00002d07      0x1ad .\CortexM0p\ARM_GCC_493\Debug\AYBR3000.a(key_touch_INT.o)
 .debug_abbrev  0x00002eb4      0x1dd .\CortexM0p\ARM_GCC_493\Debug\AYBR3000.a(CyFlash.o)

.debug_line     0x00000000     0x347f
 *(.debug_line)
 .debug_line    0x00000000      0x314 .\CortexM0p\ARM_GCC_493\Debug\main.o
 .debug_line    0x00000314      0x132 .\CortexM0p\ARM_GCC_493\Debug\A7105_driver.o
 .debug_line    0x00000446      0x27f .\CortexM0p\ARM_GCC_493\Debug\A7105_firmware_lib.o
 .debug_line    0x000006c5       0xbd .\CortexM0p\ARM_GCC_493\Debug\simple_protocol.o
 .debug_line    0x00000782       0x87 .\CortexM0p\ARM_GCC_493\Debug\timing.o
 .debug_line    0x00000809      0x135 .\CortexM0p\ARM_GCC_493\Debug\key.o
 .debug_line    0x0000093e       0x51 .\CortexM0p\ARM_GCC_493\Debug\cymetadata.o
 .debug_line    0x0000098f      0x260 .\CortexM0p\ARM_GCC_493\Debug\Cm0plusStart.o
 .debug_line    0x00000bef       0xc1 .\CortexM0p\ARM_GCC_493\Debug\AYBR3000.a(cyfitter_cfg.o)
 .debug_line    0x00000cb0      0x228 .\CortexM0p\ARM_GCC_493\Debug\AYBR3000.a(key_touch_Control.o)
 .debug_line    0x00000ed8      0x2df .\CortexM0p\ARM_GCC_493\Debug\AYBR3000.a(key_touch_Processing.o)
 .debug_line    0x000011b7      0x1c0 .\CortexM0p\ARM_GCC_493\Debug\AYBR3000.a(key_touch_Structure.o)
 .debug_line    0x00001377      0x118 .\CortexM0p\ARM_GCC_493\Debug\AYBR3000.a(key_touch_Tuner.o)
 .debug_line    0x0000148f      0x1e1 .\CortexM0p\ARM_GCC_493\Debug\AYBR3000.a(key_touch_Filter.o)
 .debug_line    0x00001670      0x331 .\CortexM0p\ARM_GCC_493\Debug\AYBR3000.a(key_touch_Sensing.o)
 .debug_line    0x000019a1      0x3ce .\CortexM0p\ARM_GCC_493\Debug\AYBR3000.a(key_touch_SensingCSD_LL.o)
 .debug_line    0x00001d6f      0x37b .\CortexM0p\ARM_GCC_493\Debug\AYBR3000.a(Timer_1.o)
 .debug_line    0x000020ea       0xbc .\CortexM0p\ARM_GCC_493\Debug\AYBR3000.a(SDIO.o)
 .debug_line    0x000021a6       0xbb .\CortexM0p\ARM_GCC_493\Debug\AYBR3000.a(SCK.o)
 .debug_line    0x00002261       0xba .\CortexM0p\ARM_GCC_493\Debug\AYBR3000.a(SCS.o)
 .debug_line    0x0000231b      0x159 .\CortexM0p\ARM_GCC_493\Debug\AYBR3000.a(key_touch_ISR.o)
 .debug_line    0x00002474      0x4c7 .\CortexM0p\ARM_GCC_493\Debug\AYBR3000.a(CyLib.o)
 .debug_line    0x0000293b       0x98 .\CortexM0p\ARM_GCC_493\Debug\AYBR3000.a(cyPm.o)
 .debug_line    0x000029d3      0x284 .\CortexM0p\ARM_GCC_493\Debug\AYBR3000.a(CyLFClk.o)
 .debug_line    0x00002c57      0x158 .\CortexM0p\ARM_GCC_493\Debug\AYBR3000.a(time_1ms_ISR.o)
 .debug_line    0x00002daf      0x128 .\CortexM0p\ARM_GCC_493\Debug\AYBR3000.a(EZI2C.o)
 .debug_line    0x00002ed7      0x103 .\CortexM0p\ARM_GCC_493\Debug\AYBR3000.a(EZI2C_EZI2C.o)
 .debug_line    0x00002fda      0x13a .\CortexM0p\ARM_GCC_493\Debug\AYBR3000.a(EZI2C_EZI2C_INT.o)
 .debug_line    0x00003114       0x68 .\CortexM0p\ARM_GCC_493\Debug\AYBR3000.a(CyBootAsmGnu.o)
 .debug_line    0x0000317c      0x122 .\CortexM0p\ARM_GCC_493\Debug\AYBR3000.a(key_touch_INT.o)
 .debug_line    0x0000329e      0x1e1 .\CortexM0p\ARM_GCC_493\Debug\AYBR3000.a(CyFlash.o)

.debug_frame    0x00000000     0x1f44
 *(.debug_frame)
 .debug_frame   0x00000000       0xf0 .\CortexM0p\ARM_GCC_493\Debug\main.o
 .debug_frame   0x000000f0       0xd0 .\CortexM0p\ARM_GCC_493\Debug\A7105_driver.o
 .debug_frame   0x000001c0      0x184 .\CortexM0p\ARM_GCC_493\Debug\A7105_firmware_lib.o
 .debug_frame   0x00000344       0x4c .\CortexM0p\ARM_GCC_493\Debug\simple_protocol.o
 .debug_frame   0x00000390       0x6c .\CortexM0p\ARM_GCC_493\Debug\timing.o
 .debug_frame   0x000003fc       0xa4 .\CortexM0p\ARM_GCC_493\Debug\key.o
 .debug_frame   0x000004a0       0xbc .\CortexM0p\ARM_GCC_493\Debug\Cm0plusStart.o
 .debug_frame   0x0000055c       0x74 .\CortexM0p\ARM_GCC_493\Debug\AYBR3000.a(cyfitter_cfg.o)
 .debug_frame   0x000005d0      0x124 .\CortexM0p\ARM_GCC_493\Debug\AYBR3000.a(key_touch_Control.o)
 .debug_frame   0x000006f4       0xd4 .\CortexM0p\ARM_GCC_493\Debug\AYBR3000.a(key_touch_Processing.o)
 .debug_frame   0x000007c8       0xbc .\CortexM0p\ARM_GCC_493\Debug\AYBR3000.a(key_touch_Structure.o)
 .debug_frame   0x00000884       0x40 .\CortexM0p\ARM_GCC_493\Debug\AYBR3000.a(key_touch_Tuner.o)
 .debug_frame   0x000008c4      0x144 .\CortexM0p\ARM_GCC_493\Debug\AYBR3000.a(key_touch_Filter.o)
 .debug_frame   0x00000a08      0x1dc .\CortexM0p\ARM_GCC_493\Debug\AYBR3000.a(key_touch_Sensing.o)
 .debug_frame   0x00000be4      0x298 .\CortexM0p\ARM_GCC_493\Debug\AYBR3000.a(key_touch_SensingCSD_LL.o)
 .debug_frame   0x00000e7c      0x390 .\CortexM0p\ARM_GCC_493\Debug\AYBR3000.a(Timer_1.o)
 .debug_frame   0x0000120c       0x70 .\CortexM0p\ARM_GCC_493\Debug\AYBR3000.a(SDIO.o)
 .debug_frame   0x0000127c       0x70 .\CortexM0p\ARM_GCC_493\Debug\AYBR3000.a(SCK.o)
 .debug_frame   0x000012ec       0x70 .\CortexM0p\ARM_GCC_493\Debug\AYBR3000.a(SCS.o)
 .debug_frame   0x0000135c      0x110 .\CortexM0p\ARM_GCC_493\Debug\AYBR3000.a(key_touch_ISR.o)
 .debug_frame   0x0000146c      0x410 .\CortexM0p\ARM_GCC_493\Debug\AYBR3000.a(CyLib.o)
 .debug_frame   0x0000187c       0x58 .\CortexM0p\ARM_GCC_493\Debug\AYBR3000.a(cyPm.o)
 .debug_frame   0x000018d4      0x1dc .\CortexM0p\ARM_GCC_493\Debug\AYBR3000.a(CyLFClk.o)
 .debug_frame   0x00001ab0      0x110 .\CortexM0p\ARM_GCC_493\Debug\AYBR3000.a(time_1ms_ISR.o)
 .debug_frame   0x00001bc0       0xe8 .\CortexM0p\ARM_GCC_493\Debug\AYBR3000.a(EZI2C.o)
 .debug_frame   0x00001ca8       0xa8 .\CortexM0p\ARM_GCC_493\Debug\AYBR3000.a(EZI2C_EZI2C.o)
 .debug_frame   0x00001d50       0x30 .\CortexM0p\ARM_GCC_493\Debug\AYBR3000.a(EZI2C_EZI2C_INT.o)
 .debug_frame   0x00001d80       0x40 .\CortexM0p\ARM_GCC_493\Debug\AYBR3000.a(key_touch_INT.o)
 .debug_frame   0x00001dc0       0xa8 .\CortexM0p\ARM_GCC_493\Debug\AYBR3000.a(CyFlash.o)
 .debug_frame   0x00001e68       0x20 d:/program files (x86)/cypress/psoc creator/4.0/psoc creator/import/gnu/arm/4.9.3/bin/../lib/gcc/arm-none-eabi/4.9.3/armv6-m\libgcc.a(_udivsi3.o)
 .debug_frame   0x00001e88       0x20 d:/program files (x86)/cypress/psoc creator/4.0/psoc creator/import/gnu/arm/4.9.3/bin/../lib/gcc/arm-none-eabi/4.9.3/../../../../arm-none-eabi/lib/armv6-m\libg_nano.a(lib_a-errno.o)
 .debug_frame   0x00001ea8       0x28 d:/program files (x86)/cypress/psoc creator/4.0/psoc creator/import/gnu/arm/4.9.3/bin/../lib/gcc/arm-none-eabi/4.9.3/../../../../arm-none-eabi/lib/armv6-m\libg_nano.a(lib_a-exit.o)
 .debug_frame   0x00001ed0       0x2c d:/program files (x86)/cypress/psoc creator/4.0/psoc creator/import/gnu/arm/4.9.3/bin/../lib/gcc/arm-none-eabi/4.9.3/../../../../arm-none-eabi/lib/armv6-m\libg_nano.a(lib_a-init.o)
 .debug_frame   0x00001efc       0x28 d:/program files (x86)/cypress/psoc creator/4.0/psoc creator/import/gnu/arm/4.9.3/bin/../lib/gcc/arm-none-eabi/4.9.3/../../../../arm-none-eabi/lib/armv6-m\libg_nano.a(lib_a-memcpy.o)
 .debug_frame   0x00001f24       0x20 d:/program files (x86)/cypress/psoc creator/4.0/psoc creator/import/gnu/arm/4.9.3/bin/../lib/gcc/arm-none-eabi/4.9.3/../../../../arm-none-eabi/lib/armv6-m\libg_nano.a(lib_a-memset.o)

.debug_str      0x00000000     0x3a55
 *(.debug_str)
 .debug_str     0x00000000      0xa1a .\CortexM0p\ARM_GCC_493\Debug\main.o
                                0xaa3 (size before relaxing)
 .debug_str     0x00000a1a      0x389 .\CortexM0p\ARM_GCC_493\Debug\A7105_driver.o
                                0x551 (size before relaxing)
 .debug_str     0x00000da3       0xc4 .\CortexM0p\ARM_GCC_493\Debug\A7105_firmware_lib.o
                                0x57b (size before relaxing)
 .debug_str     0x00000e67       0xd7 .\CortexM0p\ARM_GCC_493\Debug\simple_protocol.o
                                0x2a0 (size before relaxing)
 .debug_str     0x00000f3e       0x28 .\CortexM0p\ARM_GCC_493\Debug\timing.o
                                0x19f (size before relaxing)
 .debug_str     0x00000f66       0xc2 .\CortexM0p\ARM_GCC_493\Debug\key.o
                                0x36c (size before relaxing)
 .debug_str     0x00001028       0x59 .\CortexM0p\ARM_GCC_493\Debug\cymetadata.o
                                0x1c4 (size before relaxing)
 .debug_str     0x00001081      0x150 .\CortexM0p\ARM_GCC_493\Debug\Cm0plusStart.o
                                0x2f9 (size before relaxing)
 .debug_str     0x000011d1       0x84 .\CortexM0p\ARM_GCC_493\Debug\AYBR3000.a(cyfitter_cfg.o)
                                0x203 (size before relaxing)
 .debug_str     0x00001255      0x501 .\CortexM0p\ARM_GCC_493\Debug\AYBR3000.a(key_touch_Control.o)
                                0x95c (size before relaxing)
 .debug_str     0x00001756      0x12e .\CortexM0p\ARM_GCC_493\Debug\AYBR3000.a(key_touch_Processing.o)
                                0x7e6 (size before relaxing)
 .debug_str     0x00001884      0x2dc .\CortexM0p\ARM_GCC_493\Debug\AYBR3000.a(key_touch_Structure.o)
                                0x8c4 (size before relaxing)
 .debug_str     0x00001b60      0x119 .\CortexM0p\ARM_GCC_493\Debug\AYBR3000.a(key_touch_Tuner.o)
                                0x654 (size before relaxing)
 .debug_str     0x00001c79      0x1b2 .\CortexM0p\ARM_GCC_493\Debug\AYBR3000.a(key_touch_Filter.o)
                                0x692 (size before relaxing)
 .debug_str     0x00001e2b      0x450 .\CortexM0p\ARM_GCC_493\Debug\AYBR3000.a(key_touch_Sensing.o)
                                0xabb (size before relaxing)
 .debug_str     0x0000227b      0x35a .\CortexM0p\ARM_GCC_493\Debug\AYBR3000.a(key_touch_SensingCSD_LL.o)
                                0xaea (size before relaxing)
 .debug_str     0x000025d5      0x40d .\CortexM0p\ARM_GCC_493\Debug\AYBR3000.a(Timer_1.o)
                                0x5ef (size before relaxing)
 .debug_str     0x000029e2       0x8f .\CortexM0p\ARM_GCC_493\Debug\AYBR3000.a(SDIO.o)
                                0x225 (size before relaxing)
 .debug_str     0x00002a71       0x6f .\CortexM0p\ARM_GCC_493\Debug\AYBR3000.a(SCK.o)
                                0x21e (size before relaxing)
 .debug_str     0x00002ae0       0x6f .\CortexM0p\ARM_GCC_493\Debug\AYBR3000.a(SCS.o)
                                0x21e (size before relaxing)
 .debug_str     0x00002b4f      0x158 .\CortexM0p\ARM_GCC_493\Debug\AYBR3000.a(key_touch_ISR.o)
                                0x344 (size before relaxing)
 .debug_str     0x00002ca7      0x4be .\CortexM0p\ARM_GCC_493\Debug\AYBR3000.a(CyLib.o)
                                0x70d (size before relaxing)
 .debug_str     0x00003165       0x5f .\CortexM0p\ARM_GCC_493\Debug\AYBR3000.a(cyPm.o)
                                0x227 (size before relaxing)
 .debug_str     0x000031c4      0x2d0 .\CortexM0p\ARM_GCC_493\Debug\AYBR3000.a(CyLFClk.o)
                                0x4a4 (size before relaxing)
 .debug_str     0x00003494      0x133 .\CortexM0p\ARM_GCC_493\Debug\AYBR3000.a(time_1ms_ISR.o)
                                0x336 (size before relaxing)
 .debug_str     0x000035c7      0x113 .\CortexM0p\ARM_GCC_493\Debug\AYBR3000.a(EZI2C.o)
                                0x2c8 (size before relaxing)
 .debug_str     0x000036da      0x11e .\CortexM0p\ARM_GCC_493\Debug\AYBR3000.a(EZI2C_EZI2C.o)
                                0x32f (size before relaxing)
 .debug_str     0x000037f8       0x97 .\CortexM0p\ARM_GCC_493\Debug\AYBR3000.a(EZI2C_EZI2C_INT.o)
                                0x2b8 (size before relaxing)
 .debug_str     0x0000388f       0xa9 .\CortexM0p\ARM_GCC_493\Debug\AYBR3000.a(key_touch_INT.o)
                                0x6f8 (size before relaxing)
 .debug_str     0x00003938      0x11d .\CortexM0p\ARM_GCC_493\Debug\AYBR3000.a(CyFlash.o)
                                0x30c (size before relaxing)

.debug_loc      0x00000000     0x4476
 *(.debug_loc)
 .debug_loc     0x00000000       0xf8 .\CortexM0p\ARM_GCC_493\Debug\main.o
 .debug_loc     0x000000f8      0x129 .\CortexM0p\ARM_GCC_493\Debug\A7105_driver.o
 .debug_loc     0x00000221      0x3f9 .\CortexM0p\ARM_GCC_493\Debug\A7105_firmware_lib.o
 .debug_loc     0x0000061a       0xc8 .\CortexM0p\ARM_GCC_493\Debug\simple_protocol.o
 .debug_loc     0x000006e2       0x79 .\CortexM0p\ARM_GCC_493\Debug\timing.o
 .debug_loc     0x0000075b      0x19b .\CortexM0p\ARM_GCC_493\Debug\key.o
 .debug_loc     0x000008f6      0x14f .\CortexM0p\ARM_GCC_493\Debug\Cm0plusStart.o
 .debug_loc     0x00000a45       0x35 .\CortexM0p\ARM_GCC_493\Debug\AYBR3000.a(cyfitter_cfg.o)
 .debug_loc     0x00000a7a      0x421 .\CortexM0p\ARM_GCC_493\Debug\AYBR3000.a(key_touch_Control.o)
 .debug_loc     0x00000e9b      0x50f .\CortexM0p\ARM_GCC_493\Debug\AYBR3000.a(key_touch_Processing.o)
 .debug_loc     0x000013aa      0x3c5 .\CortexM0p\ARM_GCC_493\Debug\AYBR3000.a(key_touch_Structure.o)
 .debug_loc     0x0000176f      0x13d .\CortexM0p\ARM_GCC_493\Debug\AYBR3000.a(key_touch_Tuner.o)
 .debug_loc     0x000018ac      0x67f .\CortexM0p\ARM_GCC_493\Debug\AYBR3000.a(key_touch_Filter.o)
 .debug_loc     0x00001f2b      0x671 .\CortexM0p\ARM_GCC_493\Debug\AYBR3000.a(key_touch_Sensing.o)
 .debug_loc     0x0000259c      0x83e .\CortexM0p\ARM_GCC_493\Debug\AYBR3000.a(key_touch_SensingCSD_LL.o)
 .debug_loc     0x00002dda      0x547 .\CortexM0p\ARM_GCC_493\Debug\AYBR3000.a(Timer_1.o)
 .debug_loc     0x00003321       0xa2 .\CortexM0p\ARM_GCC_493\Debug\AYBR3000.a(SDIO.o)
 .debug_loc     0x000033c3       0xa2 .\CortexM0p\ARM_GCC_493\Debug\AYBR3000.a(SCK.o)
 .debug_loc     0x00003465       0x81 .\CortexM0p\ARM_GCC_493\Debug\AYBR3000.a(SCS.o)
 .debug_loc     0x000034e6       0x82 .\CortexM0p\ARM_GCC_493\Debug\AYBR3000.a(key_touch_ISR.o)
 .debug_loc     0x00003568      0x5e3 .\CortexM0p\ARM_GCC_493\Debug\AYBR3000.a(CyLib.o)
 .debug_loc     0x00003b4b       0x47 .\CortexM0p\ARM_GCC_493\Debug\AYBR3000.a(cyPm.o)
 .debug_loc     0x00003b92      0x323 .\CortexM0p\ARM_GCC_493\Debug\AYBR3000.a(CyLFClk.o)
 .debug_loc     0x00003eb5       0x82 .\CortexM0p\ARM_GCC_493\Debug\AYBR3000.a(time_1ms_ISR.o)
 .debug_loc     0x00003f37       0x7e .\CortexM0p\ARM_GCC_493\Debug\AYBR3000.a(EZI2C.o)
 .debug_loc     0x00003fb5       0xe1 .\CortexM0p\ARM_GCC_493\Debug\AYBR3000.a(EZI2C_EZI2C.o)
 .debug_loc     0x00004096      0x132 .\CortexM0p\ARM_GCC_493\Debug\AYBR3000.a(EZI2C_EZI2C_INT.o)
 .debug_loc     0x000041c8       0xe6 .\CortexM0p\ARM_GCC_493\Debug\AYBR3000.a(key_touch_INT.o)
 .debug_loc     0x000042ae      0x1c8 .\CortexM0p\ARM_GCC_493\Debug\AYBR3000.a(CyFlash.o)

.debug_macinfo
 *(.debug_macinfo)

.debug_ranges   0x00000000      0xaa0
 *(.debug_ranges)
 .debug_ranges  0x00000000       0x48 .\CortexM0p\ARM_GCC_493\Debug\main.o
 .debug_ranges  0x00000048       0x40 .\CortexM0p\ARM_GCC_493\Debug\A7105_driver.o
 .debug_ranges  0x00000088       0x70 .\CortexM0p\ARM_GCC_493\Debug\A7105_firmware_lib.o
 .debug_ranges  0x000000f8       0x20 .\CortexM0p\ARM_GCC_493\Debug\simple_protocol.o
 .debug_ranges  0x00000118       0x28 .\CortexM0p\ARM_GCC_493\Debug\timing.o
 .debug_ranges  0x00000140       0x38 .\CortexM0p\ARM_GCC_493\Debug\key.o
 .debug_ranges  0x00000178       0x38 .\CortexM0p\ARM_GCC_493\Debug\Cm0plusStart.o
 .debug_ranges  0x000001b0       0x28 .\CortexM0p\ARM_GCC_493\Debug\AYBR3000.a(cyfitter_cfg.o)
 .debug_ranges  0x000001d8       0x58 .\CortexM0p\ARM_GCC_493\Debug\AYBR3000.a(key_touch_Control.o)
 .debug_ranges  0x00000230       0x38 .\CortexM0p\ARM_GCC_493\Debug\AYBR3000.a(key_touch_Processing.o)
 .debug_ranges  0x00000268       0x40 .\CortexM0p\ARM_GCC_493\Debug\AYBR3000.a(key_touch_Structure.o)
 .debug_ranges  0x000002a8       0x18 .\CortexM0p\ARM_GCC_493\Debug\AYBR3000.a(key_touch_Tuner.o)
 .debug_ranges  0x000002c0       0x60 .\CortexM0p\ARM_GCC_493\Debug\AYBR3000.a(key_touch_Filter.o)
 .debug_ranges  0x00000320       0x98 .\CortexM0p\ARM_GCC_493\Debug\AYBR3000.a(key_touch_Sensing.o)
 .debug_ranges  0x000003b8       0xc0 .\CortexM0p\ARM_GCC_493\Debug\AYBR3000.a(key_touch_SensingCSD_LL.o)
 .debug_ranges  0x00000478      0x148 .\CortexM0p\ARM_GCC_493\Debug\AYBR3000.a(Timer_1.o)
 .debug_ranges  0x000005c0       0x38 .\CortexM0p\ARM_GCC_493\Debug\AYBR3000.a(SDIO.o)
 .debug_ranges  0x000005f8       0x38 .\CortexM0p\ARM_GCC_493\Debug\AYBR3000.a(SCK.o)
 .debug_ranges  0x00000630       0x38 .\CortexM0p\ARM_GCC_493\Debug\AYBR3000.a(SCS.o)
 .debug_ranges  0x00000668       0x70 .\CortexM0p\ARM_GCC_493\Debug\AYBR3000.a(key_touch_ISR.o)
 .debug_ranges  0x000006d8      0x180 .\CortexM0p\ARM_GCC_493\Debug\AYBR3000.a(CyLib.o)
 .debug_ranges  0x00000858       0x20 .\CortexM0p\ARM_GCC_493\Debug\AYBR3000.a(cyPm.o)
 .debug_ranges  0x00000878       0xc8 .\CortexM0p\ARM_GCC_493\Debug\AYBR3000.a(CyLFClk.o)
 .debug_ranges  0x00000940       0x70 .\CortexM0p\ARM_GCC_493\Debug\AYBR3000.a(time_1ms_ISR.o)
 .debug_ranges  0x000009b0       0x50 .\CortexM0p\ARM_GCC_493\Debug\AYBR3000.a(EZI2C.o)
 .debug_ranges  0x00000a00       0x40 .\CortexM0p\ARM_GCC_493\Debug\AYBR3000.a(EZI2C_EZI2C.o)
 .debug_ranges  0x00000a40       0x10 .\CortexM0p\ARM_GCC_493\Debug\AYBR3000.a(EZI2C_EZI2C_INT.o)
 .debug_ranges  0x00000a50       0x18 .\CortexM0p\ARM_GCC_493\Debug\AYBR3000.a(key_touch_INT.o)
 .debug_ranges  0x00000a68       0x38 .\CortexM0p\ARM_GCC_493\Debug\AYBR3000.a(CyFlash.o)

.comment        0x00000000       0x70
 .comment       0x00000000       0x70 .\CortexM0p\ARM_GCC_493\Debug\main.o
                                 0x71 (size before relaxing)
 .comment       0x00000000       0x71 .\CortexM0p\ARM_GCC_493\Debug\A7105_driver.o
 .comment       0x00000000       0x71 .\CortexM0p\ARM_GCC_493\Debug\A7105_firmware_lib.o
 .comment       0x00000000       0x71 .\CortexM0p\ARM_GCC_493\Debug\simple_protocol.o
 .comment       0x00000000       0x71 .\CortexM0p\ARM_GCC_493\Debug\timing.o
 .comment       0x00000000       0x71 .\CortexM0p\ARM_GCC_493\Debug\key.o
 .comment       0x00000000       0x71 .\CortexM0p\ARM_GCC_493\Debug\cymetadata.o
 .comment       0x00000000       0x71 .\CortexM0p\ARM_GCC_493\Debug\Cm0plusStart.o
 .comment       0x00000000       0x71 .\CortexM0p\ARM_GCC_493\Debug\AYBR3000.a(cyfitter_cfg.o)
 .comment       0x00000000       0x71 .\CortexM0p\ARM_GCC_493\Debug\AYBR3000.a(key_touch_Control.o)
 .comment       0x00000000       0x71 .\CortexM0p\ARM_GCC_493\Debug\AYBR3000.a(key_touch_Processing.o)
 .comment       0x00000000       0x71 .\CortexM0p\ARM_GCC_493\Debug\AYBR3000.a(key_touch_Structure.o)
 .comment       0x00000000       0x71 .\CortexM0p\ARM_GCC_493\Debug\AYBR3000.a(key_touch_Tuner.o)
 .comment       0x00000000       0x71 .\CortexM0p\ARM_GCC_493\Debug\AYBR3000.a(key_touch_Filter.o)
 .comment       0x00000000       0x71 .\CortexM0p\ARM_GCC_493\Debug\AYBR3000.a(key_touch_Sensing.o)
 .comment       0x00000000       0x71 .\CortexM0p\ARM_GCC_493\Debug\AYBR3000.a(key_touch_SensingCSD_LL.o)
 .comment       0x00000000       0x71 .\CortexM0p\ARM_GCC_493\Debug\AYBR3000.a(Timer_1.o)
 .comment       0x00000000       0x71 .\CortexM0p\ARM_GCC_493\Debug\AYBR3000.a(SDIO.o)
 .comment       0x00000000       0x71 .\CortexM0p\ARM_GCC_493\Debug\AYBR3000.a(SCK.o)
 .comment       0x00000000       0x71 .\CortexM0p\ARM_GCC_493\Debug\AYBR3000.a(SCS.o)
 .comment       0x00000000       0x71 .\CortexM0p\ARM_GCC_493\Debug\AYBR3000.a(key_touch_ISR.o)
 .comment       0x00000000       0x71 .\CortexM0p\ARM_GCC_493\Debug\AYBR3000.a(CyLib.o)
 .comment       0x00000000       0x71 .\CortexM0p\ARM_GCC_493\Debug\AYBR3000.a(cyPm.o)
 .comment       0x00000000       0x71 .\CortexM0p\ARM_GCC_493\Debug\AYBR3000.a(CyLFClk.o)
 .comment       0x00000000       0x71 .\CortexM0p\ARM_GCC_493\Debug\AYBR3000.a(time_1ms_ISR.o)
 .comment       0x00000000       0x71 .\CortexM0p\ARM_GCC_493\Debug\AYBR3000.a(EZI2C.o)
 .comment       0x00000000       0x71 .\CortexM0p\ARM_GCC_493\Debug\AYBR3000.a(EZI2C_EZI2C.o)
 .comment       0x00000000       0x71 .\CortexM0p\ARM_GCC_493\Debug\AYBR3000.a(EZI2C_EZI2C_INT.o)
 .comment       0x00000000       0x71 .\CortexM0p\ARM_GCC_493\Debug\AYBR3000.a(key_touch_INT.o)
 .comment       0x00000000       0x71 .\CortexM0p\ARM_GCC_493\Debug\AYBR3000.a(CyFlash.o)

.debug_weaknames
 *(.debug_weaknames)

.debug_funcnames
 *(.debug_funcnames)

.debug_typenames
 *(.debug_typenames)

.debug_varnames
 *(.debug_varnames)

.note.gnu.arm.ident
 *(.note.gnu.arm.ident)

.ARM.attributes
                0x00000000       0x28
 *(.ARM.attributes)
 .ARM.attributes
                0x00000000       0x1e d:/program files (x86)/cypress/psoc creator/4.0/psoc creator/import/gnu/arm/4.9.3/bin/../lib/gcc/arm-none-eabi/4.9.3/armv6-m/crti.o
 .ARM.attributes
                0x0000001e       0x2c d:/program files (x86)/cypress/psoc creator/4.0/psoc creator/import/gnu/arm/4.9.3/bin/../lib/gcc/arm-none-eabi/4.9.3/armv6-m/crtbegin.o
 .ARM.attributes
                0x0000004a       0x1b d:/program files (x86)/cypress/psoc creator/4.0/psoc creator/import/gnu/arm/4.9.3/bin/../lib/gcc/arm-none-eabi/4.9.3/../../../../arm-none-eabi/lib/armv6-m/crt0.o
 .ARM.attributes
                0x00000065       0x32 .\CortexM0p\ARM_GCC_493\Debug\main.o
 .ARM.attributes
                0x00000097       0x32 .\CortexM0p\ARM_GCC_493\Debug\A7105_driver.o
 .ARM.attributes
                0x000000c9       0x32 .\CortexM0p\ARM_GCC_493\Debug\A7105_firmware_lib.o
 .ARM.attributes
                0x000000fb       0x32 .\CortexM0p\ARM_GCC_493\Debug\simple_protocol.o
 .ARM.attributes
                0x0000012d       0x32 .\CortexM0p\ARM_GCC_493\Debug\timing.o
 .ARM.attributes
                0x0000015f       0x32 .\CortexM0p\ARM_GCC_493\Debug\key.o
 .ARM.attributes
                0x00000191       0x32 .\CortexM0p\ARM_GCC_493\Debug\cymetadata.o
 .ARM.attributes
                0x000001c3       0x32 .\CortexM0p\ARM_GCC_493\Debug\Cm0plusStart.o
 .ARM.attributes
                0x000001f5       0x32 .\CortexM0p\ARM_GCC_493\Debug\AYBR3000.a(cyfitter_cfg.o)
 .ARM.attributes
                0x00000227       0x32 .\CortexM0p\ARM_GCC_493\Debug\AYBR3000.a(key_touch_Control.o)
 .ARM.attributes
                0x00000259       0x32 .\CortexM0p\ARM_GCC_493\Debug\AYBR3000.a(key_touch_Processing.o)
 .ARM.attributes
                0x0000028b       0x32 .\CortexM0p\ARM_GCC_493\Debug\AYBR3000.a(key_touch_Structure.o)
 .ARM.attributes
                0x000002bd       0x32 .\CortexM0p\ARM_GCC_493\Debug\AYBR3000.a(key_touch_Tuner.o)
 .ARM.attributes
                0x000002ef       0x32 .\CortexM0p\ARM_GCC_493\Debug\AYBR3000.a(key_touch_Filter.o)
 .ARM.attributes
                0x00000321       0x32 .\CortexM0p\ARM_GCC_493\Debug\AYBR3000.a(key_touch_Sensing.o)
 .ARM.attributes
                0x00000353       0x32 .\CortexM0p\ARM_GCC_493\Debug\AYBR3000.a(key_touch_SensingCSD_LL.o)
 .ARM.attributes
                0x00000385       0x32 .\CortexM0p\ARM_GCC_493\Debug\AYBR3000.a(Timer_1.o)
 .ARM.attributes
                0x000003b7       0x32 .\CortexM0p\ARM_GCC_493\Debug\AYBR3000.a(SDIO.o)
 .ARM.attributes
                0x000003e9       0x32 .\CortexM0p\ARM_GCC_493\Debug\AYBR3000.a(SCK.o)
 .ARM.attributes
                0x0000041b       0x32 .\CortexM0p\ARM_GCC_493\Debug\AYBR3000.a(SCS.o)
 .ARM.attributes
                0x0000044d       0x32 .\CortexM0p\ARM_GCC_493\Debug\AYBR3000.a(key_touch_ISR.o)
 .ARM.attributes
                0x0000047f       0x32 .\CortexM0p\ARM_GCC_493\Debug\AYBR3000.a(CyLib.o)
 .ARM.attributes
                0x000004b1       0x32 .\CortexM0p\ARM_GCC_493\Debug\AYBR3000.a(cyPm.o)
 .ARM.attributes
                0x000004e3       0x32 .\CortexM0p\ARM_GCC_493\Debug\AYBR3000.a(CyLFClk.o)
 .ARM.attributes
                0x00000515       0x32 .\CortexM0p\ARM_GCC_493\Debug\AYBR3000.a(time_1ms_ISR.o)
 .ARM.attributes
                0x00000547       0x32 .\CortexM0p\ARM_GCC_493\Debug\AYBR3000.a(EZI2C.o)
 .ARM.attributes
                0x00000579       0x32 .\CortexM0p\ARM_GCC_493\Debug\AYBR3000.a(EZI2C_EZI2C.o)
 .ARM.attributes
                0x000005ab       0x32 .\CortexM0p\ARM_GCC_493\Debug\AYBR3000.a(EZI2C_EZI2C_INT.o)
 .ARM.attributes
                0x000005dd       0x22 .\CortexM0p\ARM_GCC_493\Debug\AYBR3000.a(CyBootAsmGnu.o)
 .ARM.attributes
                0x000005ff       0x32 .\CortexM0p\ARM_GCC_493\Debug\AYBR3000.a(key_touch_INT.o)
 .ARM.attributes
                0x00000631       0x32 .\CortexM0p\ARM_GCC_493\Debug\AYBR3000.a(CyFlash.o)
 .ARM.attributes
                0x00000663       0x1e d:/program files (x86)/cypress/psoc creator/4.0/psoc creator/import/gnu/arm/4.9.3/bin/../lib/gcc/arm-none-eabi/4.9.3/armv6-m\libgcc.a(_udivsi3.o)
 .ARM.attributes
                0x00000681       0x1e d:/program files (x86)/cypress/psoc creator/4.0/psoc creator/import/gnu/arm/4.9.3/bin/../lib/gcc/arm-none-eabi/4.9.3/armv6-m\libgcc.a(_dvmd_tls.o)
 .ARM.attributes
                0x0000069f       0x2c d:/program files (x86)/cypress/psoc creator/4.0/psoc creator/import/gnu/arm/4.9.3/bin/../lib/gcc/arm-none-eabi/4.9.3/../../../../arm-none-eabi/lib/armv6-m\libg_nano.a(lib_a-errno.o)
 .ARM.attributes
                0x000006cb       0x2c d:/program files (x86)/cypress/psoc creator/4.0/psoc creator/import/gnu/arm/4.9.3/bin/../lib/gcc/arm-none-eabi/4.9.3/../../../../arm-none-eabi/lib/armv6-m\libg_nano.a(lib_a-exit.o)
 .ARM.attributes
                0x000006f7       0x2c d:/program files (x86)/cypress/psoc creator/4.0/psoc creator/import/gnu/arm/4.9.3/bin/../lib/gcc/arm-none-eabi/4.9.3/../../../../arm-none-eabi/lib/armv6-m\libg_nano.a(lib_a-impure.o)
 .ARM.attributes
                0x00000723       0x2c d:/program files (x86)/cypress/psoc creator/4.0/psoc creator/import/gnu/arm/4.9.3/bin/../lib/gcc/arm-none-eabi/4.9.3/../../../../arm-none-eabi/lib/armv6-m\libg_nano.a(lib_a-init.o)
 .ARM.attributes
                0x0000074f       0x2c d:/program files (x86)/cypress/psoc creator/4.0/psoc creator/import/gnu/arm/4.9.3/bin/../lib/gcc/arm-none-eabi/4.9.3/../../../../arm-none-eabi/lib/armv6-m\libg_nano.a(lib_a-memcpy.o)
 .ARM.attributes
                0x0000077b       0x2c d:/program files (x86)/cypress/psoc creator/4.0/psoc creator/import/gnu/arm/4.9.3/bin/../lib/gcc/arm-none-eabi/4.9.3/../../../../arm-none-eabi/lib/armv6-m\libg_nano.a(lib_a-memset.o)
 .ARM.attributes
                0x000007a7       0x2c d:/program files (x86)/cypress/psoc creator/4.0/psoc creator/import/gnu/arm/4.9.3/bin/../lib/gcc/arm-none-eabi/4.9.3/armv6-m/crtend.o
 .ARM.attributes
                0x000007d3       0x1e d:/program files (x86)/cypress/psoc creator/4.0/psoc creator/import/gnu/arm/4.9.3/bin/../lib/gcc/arm-none-eabi/4.9.3/armv6-m/crtn.o

/DISCARD/
 *(.note.GNU-stack)
OUTPUT(.\CortexM0p\ARM_GCC_493\Debug\AYBR3000.elf elf32-littlearm)
