###############################################################################
#
# IAR ELF Linker V3.10.1.201 for STM8                     03/Nov/2017  15:44:31
# Copyright 2010-2017 IAR Systems AB.
#
#    Output file  =  
#        D:\local_svn\AYBR3000\AYBR3000_V2.0\AYBR3000_STM8\Project\Debug\Exe\aybr3000.out
#    Map file     =  
#        D:\local_svn\AYBR3000\AYBR3000_V2.0\AYBR3000_STM8\Project\Debug\List\aybr3000.map
#    Command line =  
#        -f C:\Users\Administrator\AppData\Local\Temp\EW67B6.tmp
#        (D:\local_svn\AYBR3000\AYBR3000_V2.0\AYBR3000_STM8\Project\Debug\Obj\A7105_driver.o
#        D:\local_svn\AYBR3000\AYBR3000_V2.0\AYBR3000_STM8\Project\Debug\Obj\A7105_firmware_lib.o
#        D:\local_svn\AYBR3000\AYBR3000_V2.0\AYBR3000_STM8\Project\Debug\Obj\app_key.o
#        D:\local_svn\AYBR3000\AYBR3000_V2.0\AYBR3000_STM8\Project\Debug\Obj\app_lcd_display.o
#        D:\local_svn\AYBR3000\AYBR3000_V2.0\AYBR3000_STM8\Project\Debug\Obj\app_power.o
#        D:\local_svn\AYBR3000\AYBR3000_V2.0\AYBR3000_STM8\Project\Debug\Obj\app_protocol.o
#        D:\local_svn\AYBR3000\AYBR3000_V2.0\AYBR3000_STM8\Project\Debug\Obj\app_time.o
#        D:\local_svn\AYBR3000\AYBR3000_V2.0\AYBR3000_STM8\Project\Debug\Obj\app_work.o
#        D:\local_svn\AYBR3000\AYBR3000_V2.0\AYBR3000_STM8\Project\Debug\Obj\datalink_protocol.o
#        D:\local_svn\AYBR3000\AYBR3000_V2.0\AYBR3000_STM8\Project\Debug\Obj\LCD_driver.o
#        D:\local_svn\AYBR3000\AYBR3000_V2.0\AYBR3000_STM8\Project\Debug\Obj\LCD_firmware.o
#        D:\local_svn\AYBR3000\AYBR3000_V2.0\AYBR3000_STM8\Project\Debug\Obj\main.o
#        D:\local_svn\AYBR3000\AYBR3000_V2.0\AYBR3000_STM8\Project\Debug\Obj\main_control.o
#        D:\local_svn\AYBR3000\AYBR3000_V2.0\AYBR3000_STM8\Project\Debug\Obj\RTC_driver.o
#        D:\local_svn\AYBR3000\AYBR3000_V2.0\AYBR3000_STM8\Project\Debug\Obj\simple_protocol.o
#        D:\local_svn\AYBR3000\AYBR3000_V2.0\AYBR3000_STM8\Project\Debug\Obj\stm8l15x_adc.o
#        D:\local_svn\AYBR3000\AYBR3000_V2.0\AYBR3000_STM8\Project\Debug\Obj\stm8l15x_aes.o
#        D:\local_svn\AYBR3000\AYBR3000_V2.0\AYBR3000_STM8\Project\Debug\Obj\stm8l15x_beep.o
#        D:\local_svn\AYBR3000\AYBR3000_V2.0\AYBR3000_STM8\Project\Debug\Obj\stm8l15x_clk.o
#        D:\local_svn\AYBR3000\AYBR3000_V2.0\AYBR3000_STM8\Project\Debug\Obj\stm8l15x_comp.o
#        D:\local_svn\AYBR3000\AYBR3000_V2.0\AYBR3000_STM8\Project\Debug\Obj\stm8l15x_dac.o
#        D:\local_svn\AYBR3000\AYBR3000_V2.0\AYBR3000_STM8\Project\Debug\Obj\stm8l15x_dma.o
#        D:\local_svn\AYBR3000\AYBR3000_V2.0\AYBR3000_STM8\Project\Debug\Obj\stm8l15x_exti.o
#        D:\local_svn\AYBR3000\AYBR3000_V2.0\AYBR3000_STM8\Project\Debug\Obj\stm8l15x_flash.o
#        D:\local_svn\AYBR3000\AYBR3000_V2.0\AYBR3000_STM8\Project\Debug\Obj\stm8l15x_gpio.o
#        D:\local_svn\AYBR3000\AYBR3000_V2.0\AYBR3000_STM8\Project\Debug\Obj\stm8l15x_i2c.o
#        D:\local_svn\AYBR3000\AYBR3000_V2.0\AYBR3000_STM8\Project\Debug\Obj\stm8l15x_irtim.o
#        D:\local_svn\AYBR3000\AYBR3000_V2.0\AYBR3000_STM8\Project\Debug\Obj\stm8l15x_it.o
#        D:\local_svn\AYBR3000\AYBR3000_V2.0\AYBR3000_STM8\Project\Debug\Obj\stm8l15x_itc.o
#        D:\local_svn\AYBR3000\AYBR3000_V2.0\AYBR3000_STM8\Project\Debug\Obj\stm8l15x_iwdg.o
#        D:\local_svn\AYBR3000\AYBR3000_V2.0\AYBR3000_STM8\Project\Debug\Obj\stm8l15x_lcd.o
#        D:\local_svn\AYBR3000\AYBR3000_V2.0\AYBR3000_STM8\Project\Debug\Obj\stm8l15x_pwr.o
#        D:\local_svn\AYBR3000\AYBR3000_V2.0\AYBR3000_STM8\Project\Debug\Obj\stm8l15x_rst.o
#        D:\local_svn\AYBR3000\AYBR3000_V2.0\AYBR3000_STM8\Project\Debug\Obj\stm8l15x_rtc.o
#        D:\local_svn\AYBR3000\AYBR3000_V2.0\AYBR3000_STM8\Project\Debug\Obj\stm8l15x_spi.o
#        D:\local_svn\AYBR3000\AYBR3000_V2.0\AYBR3000_STM8\Project\Debug\Obj\stm8l15x_syscfg.o
#        D:\local_svn\AYBR3000\AYBR3000_V2.0\AYBR3000_STM8\Project\Debug\Obj\stm8l15x_tim1.o
#        D:\local_svn\AYBR3000\AYBR3000_V2.0\AYBR3000_STM8\Project\Debug\Obj\stm8l15x_tim2.o
#        D:\local_svn\AYBR3000\AYBR3000_V2.0\AYBR3000_STM8\Project\Debug\Obj\stm8l15x_tim3.o
#        D:\local_svn\AYBR3000\AYBR3000_V2.0\AYBR3000_STM8\Project\Debug\Obj\stm8l15x_tim4.o
#        D:\local_svn\AYBR3000\AYBR3000_V2.0\AYBR3000_STM8\Project\Debug\Obj\stm8l15x_tim5.o
#        D:\local_svn\AYBR3000\AYBR3000_V2.0\AYBR3000_STM8\Project\Debug\Obj\stm8l15x_usart.o
#        D:\local_svn\AYBR3000\AYBR3000_V2.0\AYBR3000_STM8\Project\Debug\Obj\stm8l15x_wfe.o
#        D:\local_svn\AYBR3000\AYBR3000_V2.0\AYBR3000_STM8\Project\Debug\Obj\stm8l15x_wwdg.o
#        D:\local_svn\AYBR3000\AYBR3000_V2.0\AYBR3000_STM8\Project\Debug\Obj\system.o
#        D:\local_svn\AYBR3000\AYBR3000_V2.0\AYBR3000_STM8\Project\Debug\Obj\task_manager.o
#        D:\local_svn\AYBR3000\AYBR3000_V2.0\AYBR3000_STM8\Project\Debug\Obj\timing.o
#        --redirect _Printf=_PrintfSmall --redirect _Scanf=_ScanfSmall -o
#        D:\local_svn\AYBR3000\AYBR3000_V2.0\AYBR3000_STM8\Project\Debug\Exe\aybr3000.out
#        --map
#        D:\local_svn\AYBR3000\AYBR3000_V2.0\AYBR3000_STM8\Project\Debug\List\aybr3000.map
#        --config "D:\Program Files (x86)\IAR Systems\Embedded Workbench
#        8.0\stm8\config\lnkstm8l052c6.icf" --config_def _CSTACK_SIZE=0x100
#        --config_def _HEAP_SIZE=0x100 --entry __iar_program_start --debug_lib)
#
###############################################################################

*******************************************************************************
*** RUNTIME MODEL ATTRIBUTES
***

__SystemLibrary            = DLib
__code_model               = small
__core                     = stm8
__data_model               = medium
__dlib_file_descriptor     = 0
__dlib_full_locale_support = 0
__rt_version               = 4


*******************************************************************************
*** PLACEMENT SUMMARY
***

"A0":  place at start of [0x000000-0x0000ff] { rw section .vregs };
"A1":  place at end of [0x000000-0x0007ff] { block CSTACK };
"P2":  place in [from 0x000000 to 0x0007ff] {
          block HEAP, rw section __DLIB_PERTHREAD, rw section .far.bss,
          rw section .far.data, rw section .far.noinit,
          rw section .far_func.textrw, rw section .huge.bss,
          rw section .huge.data, rw section .huge.noinit,
          rw section .huge_func.textrw, rw section .iar.dynexit,
          rw section .near.bss, rw section .near.data, rw section .near.noinit,
          rw section .near_func.textrw };
"A2":  place at start of [0x008000-0x00ffff] { block INTVEC };
"P3":  place in [from 0x008000 to 0x00ffff] {
          ro section __DLIB_PERTHREAD_init, ro section .far.data_init,
          ro section .far_func.textrw_init, ro section .huge.data_init,
          ro section .huge_func.textrw_init, ro section .iar.init_table,
          ro section .init_array, ro section .near.data_init,
          ro section .near.rodata, ro section .near_func.text,
          ro section .near_func.textrw_init, ro section .tiny.data_init,
          ro section .tiny.rodata_init };
"P4":  place in [from 0x008000 to 0x00ffff] {
          ro section .far.rodata, ro section .far_func.text };
"P5":  place in [from 0x008000 to 0x00ffff] {
          ro section .huge.rodata, ro section .huge_func.text };
do not initialize {
   rw section .eeprom.noinit, rw section .far.noinit, rw section .huge.noinit,
   rw section .near.noinit, rw section .tiny.noinit, rw section .vregs };
initialize by copy {
   rw section .far.bss, rw section .far.data, rw section .far_func.textrw,
   rw section .huge.bss, rw section .huge.data, rw section .huge_func.textrw,
   rw section .iar.dynexit, rw section .near.bss, rw section .near.data,
   rw section .near_func.textrw, rw section .tiny.bss, rw section .tiny.data,
   ro section .tiny.rodata };

  Section            Kind      Address    Size  Object
  -------            ----      -------    ----  ------
"A0":                                      0xc
  .vregs             uninit   0x000000     0xc  vregs.o [4]
                            - 0x00000c     0xc

"P2", part 1 of 2:                       0x130
  P2-1                        0x00000c   0x130  <Init block>
    .near.data       inited   0x00000c    0x50  app_work.o [1]
    .near.data       inited   0x00005c    0x4d  LCD_driver.o [1]
    .near.data       inited   0x0000a9    0x22  LCD_driver.o [1]
    .near.data       inited   0x0000cb    0x70  LCD_driver.o [1]
    .near.data       inited   0x00013b     0x1  simple_protocol.o [1]
                            - 0x00013c   0x130

"P2", part 2 of 2:                       0x184
  .near.bss          zero     0x00013c    0x7d  task_manager.o [1]
  .near.bss          zero     0x0001b9    0x70  LCD_driver.o [1]
  .near.bss          zero     0x000229    0x20  app_work.o [1]
  .near.bss          zero     0x000249    0x18  simple_protocol.o [1]
  .near.bss          zero     0x000261    0x14  datalink_protocol.o [1]
  .near.bss          zero     0x000275    0x14  datalink_protocol.o [1]
  .near.bss          zero     0x000289     0xe  LCD_driver.o [1]
  .near.bss          zero     0x000297     0x9  app_protocol.o [1]
  .near.bss          zero     0x0002a0     0x5  simple_protocol.o [1]
  .near.bss          zero     0x0002a5     0x5  simple_protocol.o [1]
  .near.bss          zero     0x0002aa     0x2  app_time.o [1]
  .near.bss          zero     0x0002ac     0x2  app_time.o [1]
  .near.bss          zero     0x0002ae     0x2  app_time.o [1]
  .near.bss          zero     0x0002b0     0x2  simple_protocol.o [1]
  .near.bss          zero     0x0002b2     0x2  stm8l15x_it.o [1]
  .near.bss          zero     0x0002b4     0x2  timing.o [1]
  .near.bss          zero     0x0002b6     0x1  A7105_firmware_lib.o [1]
  .near.bss          zero     0x0002b7     0x1  app_key.o [1]
  .near.bss          zero     0x0002b8     0x1  app_time.o [1]
  .near.bss          zero     0x0002b9     0x1  app_work.o [1]
  .near.bss          zero     0x0002ba     0x1  app_work.o [1]
  .near.bss          zero     0x0002bb     0x1  app_work.o [1]
  .near.bss          zero     0x0002bc     0x1  simple_protocol.o [1]
  .near.bss          zero     0x0002bd     0x1  simple_protocol.o [1]
  .near.bss          zero     0x0002be     0x1  simple_protocol.o [1]
  .near.bss          zero     0x0002bf     0x1  simple_protocol.o [1]
                            - 0x0002c0   0x184

"A1":                                    0x100
  CSTACK                      0x000700   0x100  <Block>
    CSTACK           uninit   0x000700   0x100  <Block tail>
                            - 0x000800   0x100

"A2":                                     0x80
  INTVEC                      0x008000    0x80  <Block>
    .intvec          const    0x008000    0x80  interrupt.o [4]
                            - 0x008080    0x80

"P3-P5":                                0x1c60
  .near_func.text    ro code  0x008080   0x3e1  app_work.o [1]
  .near_func.text    ro code  0x008461   0x1a7  simple_protocol.o [1]
  .near_func.text    ro code  0x008608   0x1a4  LCD_driver.o [1]
  .near_func.text    ro code  0x0087ac   0x149  A7105_firmware_lib.o [1]
  .near_func.text    ro code  0x0088f5   0x131  app_work.o [1]
  Initializer bytes  const    0x008a26   0x130  <for P2-1>
  .near_func.text    ro code  0x008b56   0x10d  stm8l15x_exti.o [1]
  .near_func.text    ro code  0x008c63    0xfa  app_key.o [1]
  .near_func.text    ro code  0x008d5d    0xcd  app_work.o [1]
  .near_func.text    ro code  0x008e2a    0xc7  app_time.o [1]
  .near_func.text    ro code  0x008ef1    0xba  A7105_firmware_lib.o [1]
  .near_func.text    ro code  0x008fab    0xb1  app_time.o [1]
  .near_func.text    ro code  0x00905c    0xb1  simple_protocol.o [1]
  .near_func.text    ro code  0x00910d    0xa3  system.o [1]
  .near_func.text    ro code  0x0091b0    0x98  stm8l15x_clk.o [1]
  .near_func.text    ro code  0x009248    0x8e  stm8l15x_gpio.o [1]
  .near_func.text    ro code  0x0092d6    0x89  stm8l15x_clk.o [1]
  .near_func.text    ro code  0x00935f    0x87  stm8l15x_lcd.o [1]
  .near_func.text    ro code  0x0093e6    0x84  vreg_util.o [4]
  .near_func.text    ro code  0x00946a    0x7e  datalink_protocol.o [1]
  .near_func.text    ro code  0x0094e8    0x7e  task_manager.o [1]
  .near_func.text    ro code  0x009566    0x75  task_manager.o [1]
  .near_func.text    ro code  0x0095db    0x65  LCD_driver.o [1]
  .near_func.text    ro code  0x009640    0x63  A7105_driver.o [1]
  .near_func.text    ro code  0x0096a3    0x4b  LCD_firmware.o [1]
  .near_func.text    ro code  0x0096ee    0x40  main.o [1]
  .near_func.text    ro code  0x00972e    0x39  A7105_driver.o [1]
  .near_func.text    ro code  0x009767    0x37  A7105_firmware_lib.o [1]
  .near_func.text    ro code  0x00979e    0x36  LCD_firmware.o [1]
  .near_func.text    ro code  0x0097d4    0x35  LCD_driver.o [1]
  .near_func.text    ro code  0x009809    0x35  stm8l15x_it.o [1]
  .near.rodata       const    0x00983e    0x33  A7105_firmware_lib.o [1]
  .near_func.text    ro code  0x009871    0x33  datalink_protocol.o [1]
  .near_func.text    ro code  0x0098a4    0x31  system.o [1]
  .near_func.text    ro code  0x0098d5    0x30  A7105_firmware_lib.o [1]
  .near_func.text    ro code  0x009905    0x2b  short.o [4]
  .near_func.text    ro code  0x009930    0x29  system.o [1]
  .near_func.text    ro code  0x009959    0x28  timing.o [1]
  .near_func.text    ro code  0x009981    0x28  init_small.o [4]
  .near_func.text    ro code  0x0099a9    0x22  timing.o [1]
  .near_func.text    ro code  0x0099cb    0x21  stm8l15x_exti.o [1]
  .near_func.text    ro code  0x0099ec    0x21  stm8l15x_exti.o [1]
  .iar.init_table    const    0x009a0d    0x12  - Linker created -
  .near_func.text    ro code  0x009a1f    0x1e  stm8l15x_it.o [1]
  .near_func.text    ro code  0x009a3d    0x1e  init_small.o [4]
  .near_func.text    ro code  0x009a5b    0x1c  A7105_firmware_lib.o [1]
  .near_func.text    ro code  0x009a77    0x1c  stm8l15x_it.o [1]
  .near_func.text    ro code  0x009a93    0x1a  stm8l15x_tim4.o [1]
  .near_func.text    ro code  0x009aad    0x19  stm8l15x_it.o [1]
  .near_func.text    ro code  0x009ac6    0x19  stm8l15x_it.o [1]
  .near_func.text    ro code  0x009adf    0x18  stm8l15x_it.o [1]
  .near_func.text    ro code  0x009af7    0x17  app_time.o [1]
  .near_func.text    ro code  0x009b0e    0x16  A7105_firmware_lib.o [1]
  .near_func.text    ro code  0x009b24    0x16  memset.o [4]
  .near_func.text    ro code  0x009b3a    0x15  app_time.o [1]
  .near_func.text    ro code  0x009b4f    0x14  init.o [4]
  .near_func.text    ro code  0x009b63    0x14  __dbg_xxexit.o [3]
  .near_func.text    ro code  0x009b77    0x13  stm8l15x_clk.o [1]
  .near_func.text    ro code  0x009b8a    0x13  stm8l15x_lcd.o [1]
  .near_func.text    ro code  0x009b9d    0x13  stm8l15x_lcd.o [1]
  .near_func.text    ro code  0x009bb0    0x13  stm8l15x_lcd.o [1]
  .near_func.text    ro code  0x009bc3    0x13  cstartup.o [4]
  .near_func.text    ro code  0x009bd6    0x11  simple_protocol.o [1]
  .near_func.text    ro code  0x009be7    0x11  stm8l15x_tim4.o [1]
  .near_func.text    ro code  0x009bf8     0xd  app_protocol.o [1]
  .near_func.text    ro code  0x009c05     0xd  stm8l15x_lcd.o [1]
  .near_func.text    ro code  0x009c12     0xd  stm8l15x_tim4.o [1]
  .near_func.text    ro code  0x009c1f     0xd  stm8l15x_tim4.o [1]
  .near_func.text    ro code  0x009c2c     0xd  task_manager.o [1]
  .near_func.text    ro code  0x009c39     0xc  main.o [1]
  .near_func.text    ro code  0x009c45     0xc  stm8l15x_lcd.o [1]
  .near_func.text    ro code  0x009c51     0xb  app_time.o [1]
  .near_func.text    ro code  0x009c5c     0xb  app_time.o [1]
  .near_func.text    ro code  0x009c67     0xa  stm8l15x_clk.o [1]
  .near_func.text    ro code  0x009c71     0x9  A7105_driver.o [1]
  .near_func.text    ro code  0x009c7a     0x9  stm8l15x_rtc.o [1]
  .near_func.text    ro code  0x009c83     0x8  app_protocol.o [1]
  .near_func.text    ro code  0x009c8b     0x8  task_manager.o [1]
  .near_func.text    ro code  0x009c93     0x5  stm8l15x_tim4.o [1]
  .near_func.text    ro code  0x009c98     0x5  cexit.o [4]
  .near.rodata       const    0x009c9d     0x4  A7105_firmware_lib.o [1]
  .near_func.text    ro code  0x009ca1     0x4  A7105_firmware_lib.o [1]
  .near_func.text    ro code  0x009ca5     0x4  app_time.o [1]
  .near_func.text    ro code  0x009ca9     0x4  app_work.o [1]
  .near_func.text    ro code  0x009cad     0x4  stm8l15x_tim4.o [1]
  .near_func.text    ro code  0x009cb1     0x4  timing.o [1]
  .near_func.text    ro code  0x009cb5     0x3  interrupt.o [4]
  .near_func.text    ro code  0x009cb8     0x3  low_level_init.o [4]
  .near_func.text    ro code  0x009cbb     0x3  exit.o [4]
  .near_func.text    ro code  0x009cbe     0x3  unhandled_exception.o [4]
  .near_func.text    ro code  0x009cc1     0x2  A7105_firmware_lib.o [1]
  .near.rodata       const    0x009cc3     0x1  app_time.o [1]
  .near_func.text    ro code  0x009cc4     0x1  app_key.o [1]
  .near_func.text    ro code  0x009cc5     0x1  app_time.o [1]
  .near_func.text    ro code  0x009cc6     0x1  app_work.o [1]
  .near_func.text    ro code  0x009cc7     0x1  stm8l15x_it.o [1]
  .near_func.text    ro code  0x009cc8     0x1  stm8l15x_it.o [1]
  .near_func.text    ro code  0x009cc9     0x1  stm8l15x_it.o [1]
  .near_func.text    ro code  0x009cca     0x1  stm8l15x_it.o [1]
  .near_func.text    ro code  0x009ccb     0x1  stm8l15x_it.o [1]
  .near_func.text    ro code  0x009ccc     0x1  stm8l15x_it.o [1]
  .near_func.text    ro code  0x009ccd     0x1  stm8l15x_it.o [1]
  .near_func.text    ro code  0x009cce     0x1  stm8l15x_it.o [1]
  .near_func.text    ro code  0x009ccf     0x1  stm8l15x_it.o [1]
  .near_func.text    ro code  0x009cd0     0x1  stm8l15x_it.o [1]
  .near_func.text    ro code  0x009cd1     0x1  stm8l15x_it.o [1]
  .near_func.text    ro code  0x009cd2     0x1  stm8l15x_it.o [1]
  .near_func.text    ro code  0x009cd3     0x1  stm8l15x_it.o [1]
  .near_func.text    ro code  0x009cd4     0x1  stm8l15x_it.o [1]
  .near_func.text    ro code  0x009cd5     0x1  stm8l15x_it.o [1]
  .near_func.text    ro code  0x009cd6     0x1  stm8l15x_it.o [1]
  .near_func.text    ro code  0x009cd7     0x1  stm8l15x_it.o [1]
  .near_func.text    ro code  0x009cd8     0x1  stm8l15x_it.o [1]
  .near_func.text    ro code  0x009cd9     0x1  stm8l15x_it.o [1]
  .near_func.text    ro code  0x009cda     0x1  stm8l15x_it.o [1]
  .near_func.text    ro code  0x009cdb     0x1  stm8l15x_it.o [1]
  .near_func.text    ro code  0x009cdc     0x1  stm8l15x_it.o [1]
  .near_func.text    ro code  0x009cdd     0x1  stm8l15x_it.o [1]
  .near_func.text    ro code  0x009cde     0x1  stm8l15x_it.o [1]
  .near_func.text    ro code  0x009cdf     0x1  __dbg_break.o [3]
                            - 0x009ce0  0x1c60


*******************************************************************************
*** INIT TABLE
***

          Address   Size
          -------   ----
Zero (__iar_zero_init2)
    1 destination range, total size 0x184:
          0x00013c  0x184

Copy (__iar_copy_init2)
    1 source range, total size 0x130:
          0x008a26  0x130
    1 destination range, total size 0x130:
          0x00000c  0x130



*******************************************************************************
*** MODULE SUMMARY
***

    Module                 ro code  ro data  rw data
    ------                 -------  -------  -------
D:\local_svn\AYBR3000\AYBR3000_V2.0\AYBR3000_STM8\Project\Debug\Obj: [1]
    A7105_driver.o             165
    A7105_firmware_lib.o       674       55        1
    LCD_driver.o               574      223      349
    LCD_firmware.o             129
    app_key.o                  251                 1
    app_protocol.o              21                 9
    app_time.o                 447        1        7
    app_work.o               1 508       80      115
    datalink_protocol.o        177                40
    main.o                      76
    simple_protocol.o          617        1       41
    stm8l15x_clk.o             318
    stm8l15x_exti.o            335
    stm8l15x_gpio.o            142
    stm8l15x_it.o              209                 2
    stm8l15x_lcd.o             217
    stm8l15x_rtc.o               9
    stm8l15x_tim4.o             78
    system.o                   253
    task_manager.o             264               125
    timing.o                    78                 2
    ------------------------------------------------
    Total:                   6 542      360      692

command line: [2]
    ------------------------------------------------
    Total:

dbgstm8smd.a: [3]
    __dbg_break.o                1
    __dbg_xxexit.o              20
    ------------------------------------------------
    Total:                      21

dlstm8smn.a: [4]
    cexit.o                      5
    cstartup.o                  19
    exit.o                       3
    init.o                      20
    init_small.o                70
    interrupt.o                  3      128
    low_level_init.o             3
    memset.o                    22
    short.o                     43
    unhandled_exception.o        3
    vreg_util.o                132
    vregs.o                                       12
    ------------------------------------------------
    Total:                     323      128       12

    Linker created                       18      256
----------------------------------------------------
    Grand Total:             6 886      506      960


*******************************************************************************
*** ENTRY LIST
***

Entry                    Address   Size  Type      Object
-----                    -------   ----  ----      ------
.iar.init_table$$Base   0x009a0d          --   Gb  - Linker created -
.iar.init_table$$Limit  0x009a1f          --   Gb  - Linker created -
?b0                     0x000000         Data  Gb  vregs.o [4]
?b1                     0x000001         Data  Gb  vregs.o [4]
?b10                    0x00000a         Data  Gb  vregs.o [4]
?b11                    0x00000b         Data  Gb  vregs.o [4]
?b2                     0x000002         Data  Gb  vregs.o [4]
?b3                     0x000003         Data  Gb  vregs.o [4]
?b4                     0x000004         Data  Gb  vregs.o [4]
?b5                     0x000005         Data  Gb  vregs.o [4]
?b6                     0x000006         Data  Gb  vregs.o [4]
?b7                     0x000007         Data  Gb  vregs.o [4]
?b8                     0x000008         Data  Gb  vregs.o [4]
?b9                     0x000009         Data  Gb  vregs.o [4]
?e0                     0x000001         Data  Gb  vregs.o [4]
?e1                     0x000005         Data  Gb  vregs.o [4]
?e2                     0x000009         Data  Gb  vregs.o [4]
?epilogue_l2            0x009462         Code  Gb  vreg_util.o [4]
?epilogue_w4            0x009466         Code  Gb  vreg_util.o [4]
?l0                     0x000000         Data  Gb  vregs.o [4]
?l1                     0x000004         Data  Gb  vregs.o [4]
?l2                     0x000008         Data  Gb  vregs.o [4]
?mul16_x_x_w0           0x009905         Code  Gb  short.o [4]
?pop_l0                 0x009439         Code  Gb  vreg_util.o [4]
?pop_l1                 0x009444         Code  Gb  vreg_util.o [4]
?pop_l2                 0x00944f         Code  Gb  vreg_util.o [4]
?pop_w4                 0x0093fe         Code  Gb  vreg_util.o [4]
?push_l0                0x00940d         Code  Gb  vreg_util.o [4]
?push_l1                0x009412         Code  Gb  vreg_util.o [4]
?push_l2                0x009417         Code  Gb  vreg_util.o [4]
?push_w4                0x0093e6         Code  Gb  vreg_util.o [4]
?sll16_x_x_a            0x009923         Code  Gb  short.o [4]
?srl16_x_x_4            0x00992b         Code  Gb  short.o [4]
?w0                     0x000000         Data  Gb  vregs.o [4]
?w1                     0x000002         Data  Gb  vregs.o [4]
?w2                     0x000004         Data  Gb  vregs.o [4]
?w3                     0x000006         Data  Gb  vregs.o [4]
?w4                     0x000008         Data  Gb  vregs.o [4]
?w5                     0x00000a         Data  Gb  vregs.o [4]
A7105_Calibration       0x008ef1   0xba  Code  Gb  A7105_firmware_lib.o [1]
A7105_Config            0x00885c   0x55  Code  Gb  A7105_firmware_lib.o [1]
A7105_GIOx_interrupt_switch
                        0x009a5b   0x1c  Code  Gb  A7105_firmware_lib.o [1]
A7105_ReadReg           0x008814   0x12  Code  Gb  A7105_firmware_lib.o [1]
A7105_Reset             0x008856    0x6  Code  Gb  A7105_firmware_lib.o [1]
A7105_WriteID           0x008832   0x24  Code  Gb  A7105_firmware_lib.o [1]
A7105_WriteReg          0x0087ac   0x15  Code  Gb  A7105_firmware_lib.o [1]
A7105_init              0x009640   0x63  Code  Gb  A7105_driver.o [1]
A7105_update_wtr        0x009ca1    0x4  Code  Gb  A7105_firmware_lib.o [1]
A7105_wtr_status        0x0002b6    0x1  Data  Gb  A7105_firmware_lib.o [1]
ADC1_COMP_IRQHandler    0x009cd4    0x1  Code  Gb  stm8l15x_it.o [1]
ByteRead                0x0087c1   0x53  Code  Lc  A7105_firmware_lib.o [1]
ByteSend                0x0098d5   0x30  Code  Lc  A7105_firmware_lib.o [1]
CLK_GetFlagStatus       0x0091b0   0x98  Code  Gb  stm8l15x_clk.o [1]
CLK_LSEConfig           0x009b77   0x13  Code  Gb  stm8l15x_clk.o [1]
CLK_PeripheralClockConfig
                        0x0092d6   0x89  Code  Gb  stm8l15x_clk.o [1]
CLK_RTCClockConfig      0x009c67    0xa  Code  Gb  stm8l15x_clk.o [1]
CSTACK$$Base            0x000700          --   Gb  - Linker created -
CSTACK$$Limit           0x000800          --   Gb  - Linker created -
Clock_Configuration     0x0098a4   0x31  Code  Gb  system.o [1]
DMA1_CHANNEL0_1_IRQHandler
                        0x009cc9    0x1  Code  Gb  stm8l15x_it.o [1]
DMA1_CHANNEL2_3_IRQHandler
                        0x009cca    0x1  Code  Gb  stm8l15x_it.o [1]
EXTI0_IRQHandler        0x009adf   0x18  Code  Gb  stm8l15x_it.o [1]
EXTI1_IRQHandler        0x009a77   0x1c  Code  Gb  stm8l15x_it.o [1]
EXTI2_IRQHandler        0x009cce    0x1  Code  Gb  stm8l15x_it.o [1]
EXTI3_IRQHandler        0x009ac6   0x19  Code  Gb  stm8l15x_it.o [1]
EXTI4_IRQHandler        0x009ccf    0x1  Code  Gb  stm8l15x_it.o [1]
EXTI5_IRQHandler        0x009cd0    0x1  Code  Gb  stm8l15x_it.o [1]
EXTI6_IRQHandler        0x009cd1    0x1  Code  Gb  stm8l15x_it.o [1]
EXTI7_IRQHandler        0x009a1f   0x1e  Code  Gb  stm8l15x_it.o [1]
EXTIB_G_IRQHandler      0x009ccc    0x1  Code  Gb  stm8l15x_it.o [1]
EXTID_H_IRQHandler      0x009ccd    0x1  Code  Gb  stm8l15x_it.o [1]
EXTIE_F_PVD_IRQHandler  0x009ccb    0x1  Code  Gb  stm8l15x_it.o [1]
EXTI_ClearITPendingBit  0x0099ec   0x21  Code  Gb  stm8l15x_exti.o [1]
EXTI_DeInit             0x0099cb   0x21  Code  Gb  stm8l15x_exti.o [1]
EXTI_SetPinSensitivity  0x008b56  0x10d  Code  Gb  stm8l15x_exti.o [1]
Error_State             0x009cc1    0x2  Code  Lc  A7105_firmware_lib.o [1]
FLASH_IRQHandler        0x009cc8    0x1  Code  Gb  stm8l15x_it.o [1]
GPIO_Configuration      0x00910d   0xa3  Code  Gb  system.o [1]
GPIO_Init               0x009248   0x8e  Code  Gb  stm8l15x_gpio.o [1]
I2C1_SPI2_IRQHandler    0x009cde    0x1  Code  Gb  stm8l15x_it.o [1]
ID_Tab                  0x009c9d    0x4  Data  Gb  A7105_firmware_lib.o [1]
INTVEC$$Base            0x008000          --   Gb  - Linker created -
INTVEC$$Limit           0x008080          --   Gb  - Linker created -
LCD_AES_IRQHandler      0x009cd2    0x1  Code  Gb  stm8l15x_it.o [1]
LCD_Cmd                 0x009c05    0xd  Code  Gb  stm8l15x_lcd.o [1]
LCD_ContrastConfig      0x009bb0   0x13  Code  Gb  stm8l15x_lcd.o [1]
LCD_DeadTimeConfig      0x009b9d   0x13  Code  Gb  stm8l15x_lcd.o [1]
LCD_GLASS_Init          0x0096a3   0x4b  Code  Gb  LCD_firmware.o [1]
LCD_GLASS_Refresh       0x00979e   0x36  Code  Gb  LCD_firmware.o [1]
LCD_Init                0x00935f   0x87  Code  Gb  stm8l15x_lcd.o [1]
LCD_PortMaskConfig      0x009c45    0xc  Code  Gb  stm8l15x_lcd.o [1]
LCD_PulseOnDurationConfig
                        0x009b8a   0x13  Code  Gb  stm8l15x_lcd.o [1]
LCD_driver_init         0x0095db   0x65  Code  Gb  LCD_driver.o [1]
RTC_CSSLSE_IRQHandler   0x009aad   0x19  Code  Gb  stm8l15x_it.o [1]
RTC_ClearITPendingBit   0x009c7a    0x9  Code  Gb  stm8l15x_rtc.o [1]
Region$$Table$$Base     0x009a0d          --   Gb  - Linker created -
Region$$Table$$Limit    0x009a1f          --   Gb  - Linker created -
SPI1_IRQHandler         0x009cdb    0x1  Code  Gb  stm8l15x_it.o [1]
SWITCH_CSS_BREAK_DAC_IRQHandler
                        0x009cd3    0x1  Code  Gb  stm8l15x_it.o [1]
SelVCOBand              0x0088b1   0x44  Code  Lc  A7105_firmware_lib.o [1]
StrobeCmd               0x008826    0xc  Code  Gb  A7105_firmware_lib.o [1]
TIM1_CC_IRQHandler      0x009cda    0x1  Code  Gb  stm8l15x_it.o [1]
TIM1_UPD_OVF_TRG_COM_IRQHandler
                        0x009cd9    0x1  Code  Gb  stm8l15x_it.o [1]
TIM2_CC_USART2_RX_IRQHandler
                        0x009cd6    0x1  Code  Gb  stm8l15x_it.o [1]
TIM2_UPD_OVF_TRG_BRK_USART2_TX_IRQHandler
                        0x009cd5    0x1  Code  Gb  stm8l15x_it.o [1]
TIM3_CC_USART3_RX_IRQHandler
                        0x009cd8    0x1  Code  Gb  stm8l15x_it.o [1]
TIM3_UPD_OVF_TRG_BRK_USART3_TX_IRQHandler
                        0x009cd7    0x1  Code  Gb  stm8l15x_it.o [1]
TIM4_ARRPreloadConfig   0x009c12    0xd  Code  Gb  stm8l15x_tim4.o [1]
TIM4_ClearFlag          0x009c93    0x5  Code  Gb  stm8l15x_tim4.o [1]
TIM4_Cmd                0x009c1f    0xd  Code  Gb  stm8l15x_tim4.o [1]
TIM4_Configuration      0x009930   0x29  Code  Gb  system.o [1]
TIM4_ITConfig           0x009a93   0x1a  Code  Gb  stm8l15x_tim4.o [1]
TIM4_SetCounter         0x009cad    0x4  Code  Gb  stm8l15x_tim4.o [1]
TIM4_TimeBaseInit       0x009be7   0x11  Code  Gb  stm8l15x_tim4.o [1]
TIM4_UPD_OVF_TRG_IRQHandler
                        0x009809   0x35  Code  Gb  stm8l15x_it.o [1]
TIM4_UPD_OVF_TRG_IRQHandler::count_1000ms
                        0x0002b2    0x2  Data  Lc  stm8l15x_it.o [1]
TRAP_IRQHandler         0x009cc7    0x1  Code  Gb  stm8l15x_it.o [1]
USART1_RX_TIM5_CC_IRQHandler
                        0x009cdd    0x1  Code  Gb  stm8l15x_it.o [1]
USART1_TX_TIM5_UPD_OVF_TRG_BRK_IRQHandler
                        0x009cdc    0x1  Code  Gb  stm8l15x_it.o [1]
Wait_Bit_n_clear        0x009b0e   0x16  Code  Lc  A7105_firmware_lib.o [1]
WriteFIFO               0x009767   0x37  Code  Gb  A7105_firmware_lib.o [1]
__DebugBreak            0x009cdf    0x1  Code  Gb  __dbg_break.o [3]
__exit                  0x009b63   0x14  Code  Gb  __dbg_xxexit.o [3]
__iar_copy_init2        0x009981         Code  Gb  init_small.o [4]
__iar_data_init2        0x009b4f   0x14  Code  Gb  init.o [4]
__iar_program_start     0x009bc3         Code  Gb  cstartup.o [4]
__iar_unhandled_exception
                        0x009cbe         Code  Gb  unhandled_exception.o [4]
__iar_zero_init2        0x009a3d         Code  Gb  init_small.o [4]
__intvec                0x008000         Data  Gb  interrupt.o [4]
__low_level_init        0x009cb8    0x3  Code  Gb  low_level_init.o [4]
_exit                   0x009c98         Code  Gb  cexit.o [4]
_interrupt_1            0x009cc7         Code  Gb  stm8l15x_it.o [1]
_interrupt_10           0x009adf         Code  Gb  stm8l15x_it.o [1]
_interrupt_11           0x009a77         Code  Gb  stm8l15x_it.o [1]
_interrupt_12           0x009cce         Code  Gb  stm8l15x_it.o [1]
_interrupt_13           0x009ac6         Code  Gb  stm8l15x_it.o [1]
_interrupt_14           0x009ccf         Code  Gb  stm8l15x_it.o [1]
_interrupt_15           0x009cd0         Code  Gb  stm8l15x_it.o [1]
_interrupt_16           0x009cd1         Code  Gb  stm8l15x_it.o [1]
_interrupt_17           0x009a1f         Code  Gb  stm8l15x_it.o [1]
_interrupt_18           0x009cd2         Code  Gb  stm8l15x_it.o [1]
_interrupt_19           0x009cd3         Code  Gb  stm8l15x_it.o [1]
_interrupt_20           0x009cd4         Code  Gb  stm8l15x_it.o [1]
_interrupt_21           0x009cd5         Code  Gb  stm8l15x_it.o [1]
_interrupt_22           0x009cd6         Code  Gb  stm8l15x_it.o [1]
_interrupt_23           0x009cd7         Code  Gb  stm8l15x_it.o [1]
_interrupt_24           0x009cd8         Code  Gb  stm8l15x_it.o [1]
_interrupt_25           0x009cd9         Code  Gb  stm8l15x_it.o [1]
_interrupt_26           0x009cda         Code  Gb  stm8l15x_it.o [1]
_interrupt_27           0x009809         Code  Gb  stm8l15x_it.o [1]
_interrupt_28           0x009cdb         Code  Gb  stm8l15x_it.o [1]
_interrupt_29           0x009cdc         Code  Gb  stm8l15x_it.o [1]
_interrupt_3            0x009cc8         Code  Gb  stm8l15x_it.o [1]
_interrupt_30           0x009cdd         Code  Gb  stm8l15x_it.o [1]
_interrupt_31           0x009cde         Code  Gb  stm8l15x_it.o [1]
_interrupt_4            0x009cc9         Code  Gb  stm8l15x_it.o [1]
_interrupt_5            0x009cca         Code  Gb  stm8l15x_it.o [1]
_interrupt_6            0x009aad         Code  Gb  stm8l15x_it.o [1]
_interrupt_7            0x009ccb         Code  Gb  stm8l15x_it.o [1]
_interrupt_8            0x009ccc         Code  Gb  stm8l15x_it.o [1]
_interrupt_9            0x009ccd         Code  Gb  stm8l15x_it.o [1]
add_period              0x009cc3    0x1  Data  Lc  app_time.o [1]
app_frame               0x000297    0x9  Data  Gb  app_protocol.o [1]
app_key_init            0x009cc4    0x1  Code  Gb  app_key.o [1]
app_key_process         0x008c63   0xfa  Code  Gb  app_key.o [1]
app_protocol_init       0x009bf8    0xd  Code  Gb  app_protocol.o [1]
app_protocol_send       0x009c83    0x8  Code  Gb  app_protocol.o [1]
app_time_display        0x009cc5    0x1  Code  Lc  app_time.o [1]
app_time_event_set      0x009ca5    0x4  Code  Gb  app_time.o [1]
app_time_init           0x009b3a   0x15  Code  Gb  app_time.o [1]
app_time_mode_busy      0x009c51    0xb  Code  Gb  app_time.o [1]
app_time_mode_deal      0x008e2a   0xc7  Code  Lc  app_time.o [1]
app_time_mode_deal{1}{2}::fast_mode_count
                        0x0002ae    0x2  Data  Lc  app_time.o [1]
app_time_normal_command_deal
                        0x008fab   0xb1  Code  Lc  app_time.o [1]
app_time_process        0x009af7   0x17  Code  Gb  app_time.o [1]
app_time_send           0x009c5c    0xb  Code  Lc  app_time.o [1]
app_work_mode_display   0x009cc6    0x1  Code  Lc  app_work.o [1]
app_work_mode_event_set
                        0x009ca9    0x4  Code  Gb  app_work.o [1]
app_work_mode_init      0x008d5d   0xcd  Code  Gb  app_work.o [1]
app_work_mode_process   0x008080  0x3e1  Code  Gb  app_work.o [1]
app_work_mode_send      0x0088f5  0x131  Code  Lc  app_work.o [1]
buffer_length_ok        0x009c71    0x9  Code  Lc  A7105_driver.o [1]
check_sum               0x0002bd    0x1  Data  Lc  simple_protocol.o [1]
command                 0x0002b8    0x1  Data  Lc  app_time.o [1]
count                   0x0002bc    0x1  Data  Lc  simple_protocol.o [1]
counter                 0x0002b4    0x2  Data  Gb  timing.o [1]
data_received_flag      0x0002be    0x1  Data  Lc  simple_protocol.o [1]
datalink_protocol_init  0x009871   0x33  Code  Gb  datalink_protocol.o [1]
datalink_protocol_send  0x00946a   0x7e  Code  Gb  datalink_protocol.o [1]
digital_tube_set        0x00870c   0x85  Code  Gb  LCD_driver.o [1]
event                   0x0002bb    0x1  Data  Lc  app_work.o [1]
exit                    0x009cbb    0x3  Code  Gb  exit.o [4]
header_time             0x0002a0    0x5  Data  Lc  simple_protocol.o [1]
icon_set                0x008791   0x1b  Code  Gb  LCD_driver.o [1]
icons                   0x0000a9   0x22  Data  Gb  LCD_driver.o [1]
idle_flag               0x00013b    0x1  Data  Lc  simple_protocol.o [1]
idle_time               0x0002a5    0x5  Data  Lc  simple_protocol.o [1]
key                     0x0002b7    0x1  Data  Lc  app_key.o [1]
lcd_ram_buffer          0x000289    0xe  Data  Lc  LCD_driver.o [1]
main                    0x0096ee   0x40  Code  Gb  main.o [1]
mcu_init                0x009c39    0xc  Code  Gb  main.o [1]
memset                  0x009b24   0x16  Code  Gb  memset.o [4]
mode_configs            0x00000c   0x50  Data  Lc  app_work.o [1]
parameters_Config       0x00983e   0x33  Data  Gb  A7105_firmware_lib.o [1]
previous_mode           0x0002ba    0x1  Data  Lc  app_work.o [1]
ram_offset              0x0001b9   0x70  Data  Gb  LCD_driver.o [1]
ram_offset_init         0x0097d4   0x35  Code  Lc  LCD_driver.o [1]
receive_buffer          0x000249   0x18  Data  Gb  simple_protocol.o [1]
receive_byte            0x00905c   0xb1  Code  Lc  simple_protocol.o [1]
receive_byte::bit       0x0002bf    0x1  Data  Lc  simple_protocol.o [1]
receive_deal            0x008461  0x1a7  Code  Gb  simple_protocol.o [1]
receive_frame           0x000275   0x14  Data  Lc  datalink_protocol.o [1]
receive_state           0x0002b0    0x2  Data  Lc  simple_protocol.o [1]
segment_set             0x008608  0x104  Code  Lc  LCD_driver.o [1]
send_data_by_A7105      0x00972e   0x39  Code  Gb  A7105_driver.o [1]
send_frame              0x000261   0x14  Data  Lc  datalink_protocol.o [1]
simple_protocol_data_received
                        0x009bd6   0x11  Code  Gb  simple_protocol.o [1]
status                  0x000229   0x20  Data  Lc  app_work.o [1]
task_1ms_updater        0x009c8b    0x8  Code  Gb  task_manager.o [1]
task_add                0x009566   0x75  Code  Gb  task_manager.o [1]
task_init               0x009c2c    0xd  Code  Gb  task_manager.o [1]
task_manager            0x00013c   0x7d  Data  Lc  task_manager.o [1]
task_process            0x0094e8   0x7e  Code  Gb  task_manager.o [1]
time                    0x0002ac    0x2  Data  Lc  app_time.o [1]
time_set_mode           0x0002aa    0x2  Data  Lc  app_time.o [1]
timing_count_end        0x009959   0x28  Code  Gb  timing.o [1]
timing_get_count        0x009cb1    0x4  Code  Lc  timing.o [1]
timing_set_counts       0x0099a9   0x22  Code  Gb  timing.o [1]
tubes                   0x0000cb   0x70  Data  Gb  LCD_driver.o [1]
value_define            0x00005c   0x4d  Data  Gb  LCD_driver.o [1]
work_mode               0x0002b9    0x1  Data  Lc  app_work.o [1]


[1] = D:\local_svn\AYBR3000\AYBR3000_V2.0\AYBR3000_STM8\Project\Debug\Obj
[2] = command line
[3] = dbgstm8smd.a
[4] = dlstm8smn.a

  6 886 bytes of readonly  code memory
    506 bytes of readonly  data memory
    960 bytes of readwrite data memory

Errors: none
Warnings: none
